Component: ARM Compiler 5.06 update 6 (build 750) Tool: armlink [4d35ed]

==============================================================================

Section Cross References

    startup_stm32f405xx.o(RESET) refers to startup_stm32f405xx.o(STACK) for __initial_sp
    startup_stm32f405xx.o(RESET) refers to startup_stm32f405xx.o(.text) for Reset_Handler
    startup_stm32f405xx.o(RESET) refers to stm32f4xx_it.o(i.NMI_Handler) for NMI_Handler
    startup_stm32f405xx.o(RESET) refers to stm32f4xx_it.o(i.HardFault_Handler) for HardFault_Handler
    startup_stm32f405xx.o(RESET) refers to stm32f4xx_it.o(i.MemManage_Handler) for MemManage_Handler
    startup_stm32f405xx.o(RESET) refers to stm32f4xx_it.o(i.BusFault_Handler) for BusFault_Handler
    startup_stm32f405xx.o(RESET) refers to stm32f4xx_it.o(i.UsageFault_Handler) for UsageFault_Handler
    startup_stm32f405xx.o(RESET) refers to stm32f4xx_it.o(i.SVC_Handler) for SVC_Handler
    startup_stm32f405xx.o(RESET) refers to stm32f4xx_it.o(i.DebugMon_Handler) for DebugMon_Handler
    startup_stm32f405xx.o(RESET) refers to stm32f4xx_it.o(i.PendSV_Handler) for PendSV_Handler
    startup_stm32f405xx.o(RESET) refers to stm32f4xx_it.o(i.SysTick_Handler) for SysTick_Handler
    startup_stm32f405xx.o(RESET) refers to stm32f4xx_it.o(i.CAN1_RX0_IRQHandler) for CAN1_RX0_IRQHandler
    startup_stm32f405xx.o(RESET) refers to stm32f4xx_it.o(i.CAN1_RX1_IRQHandler) for CAN1_RX1_IRQHandler
    startup_stm32f405xx.o(RESET) refers to stm32f4xx_it.o(i.TIM2_IRQHandler) for TIM2_IRQHandler
    startup_stm32f405xx.o(.text) refers to system_stm32f4xx.o(i.SystemInit) for SystemInit
    startup_stm32f405xx.o(.text) refers to entry.o(.ARM.Collect$$$$00000000) for __main
    main.o(i.SystemClock_Config) refers to memseta.o(.text) for __aeabi_memclr4
    main.o(i.SystemClock_Config) refers to stm32f4xx_hal_rcc.o(i.HAL_RCC_OscConfig) for HAL_RCC_OscConfig
    main.o(i.SystemClock_Config) refers to stm32f4xx_hal_rcc.o(i.HAL_RCC_ClockConfig) for HAL_RCC_ClockConfig
    main.o(i.main) refers to memcpya.o(.text) for __aeabi_memcpy4
    main.o(i.main) refers to stm32f4xx_hal.o(i.HAL_Init) for HAL_Init
    main.o(i.main) refers to main.o(i.SystemClock_Config) for SystemClock_Config
    main.o(i.main) refers to gpio.o(i.MX_GPIO_Init) for MX_GPIO_Init
    main.o(i.main) refers to can.o(i.MX_CAN1_Init) for MX_CAN1_Init
    main.o(i.main) refers to usart.o(i.MX_UART5_Init) for MX_UART5_Init
    main.o(i.main) refers to tim.o(i.MX_TIM2_Init) for MX_TIM2_Init
    main.o(i.main) refers to printf5.o(i.__0printf$5) for __2printf
    main.o(i.main) refers to can.o(i.HAL_CAN_MspDeInit) for HAL_CAN_MspDeInit
    main.o(i.main) refers to usart.o(i.HAL_UART_MspDeInit) for HAL_UART_MspDeInit
    main.o(i.main) refers to tim.o(i.HAL_TIM_Base_MspDeInit) for HAL_TIM_Base_MspDeInit
    main.o(i.main) refers to stm32f4xx_hal_cortex.o(i.HAL_NVIC_ClearPendingIRQ) for HAL_NVIC_ClearPendingIRQ
    main.o(i.main) refers to stm32f4xx_hal.o(i.HAL_DeInit) for HAL_DeInit
    main.o(i.main) refers to stm32f4xx_hal_cortex.o(i.HAL_NVIC_DisableIRQ) for HAL_NVIC_DisableIRQ
    main.o(i.main) refers to flash_if.o(i.Jump2APP) for Jump2APP
    main.o(i.main) refers to main.o(.data) for .data
    main.o(i.main) refers to can.o(.bss) for hcan1
    main.o(i.main) refers to usart.o(.bss) for huart5
    main.o(i.main) refers to tim.o(.bss) for htim2
    can.o(i.HAL_CAN_MspDeInit) refers to stm32f4xx_hal_gpio.o(i.HAL_GPIO_DeInit) for HAL_GPIO_DeInit
    can.o(i.HAL_CAN_MspDeInit) refers to stm32f4xx_hal_cortex.o(i.HAL_NVIC_DisableIRQ) for HAL_NVIC_DisableIRQ
    can.o(i.HAL_CAN_MspInit) refers to memseta.o(.text) for __aeabi_memclr4
    can.o(i.HAL_CAN_MspInit) refers to stm32f4xx_hal_gpio.o(i.HAL_GPIO_Init) for HAL_GPIO_Init
    can.o(i.HAL_CAN_MspInit) refers to stm32f4xx_hal_cortex.o(i.HAL_NVIC_SetPriority) for HAL_NVIC_SetPriority
    can.o(i.HAL_CAN_MspInit) refers to stm32f4xx_hal_cortex.o(i.HAL_NVIC_EnableIRQ) for HAL_NVIC_EnableIRQ
    can.o(i.HAL_CAN_RxFifo0MsgPendingCallback) refers to stm32f4xx_hal_can.o(i.HAL_CAN_GetRxMessage) for HAL_CAN_GetRxMessage
    can.o(i.HAL_CAN_RxFifo0MsgPendingCallback) refers to hcan.o(i.hcan_hw_frame_recv) for hcan_hw_frame_recv
    can.o(i.MX_CAN1_Init) refers to stm32f4xx_hal_can.o(i.HAL_CAN_Init) for HAL_CAN_Init
    can.o(i.MX_CAN1_Init) refers to main.o(i.Error_Handler) for Error_Handler
    can.o(i.MX_CAN1_Init) refers to can.o(i.hcan_driver_hw_init) for hcan_driver_hw_init
    can.o(i.MX_CAN1_Init) refers to hcan.o(i.hcan_init) for hcan_init
    can.o(i.MX_CAN1_Init) refers to stm32f4xx_hal_can.o(i.HAL_CAN_Start) for HAL_CAN_Start
    can.o(i.MX_CAN1_Init) refers to stm32f4xx_hal_can.o(i.HAL_CAN_ActivateNotification) for HAL_CAN_ActivateNotification
    can.o(i.MX_CAN1_Init) refers to can.o(.bss) for .bss
    can.o(i.hcan_driver_fault_reset) refers to can.o(i.MX_CAN1_Init) for MX_CAN1_Init
[...]
    Removing lib_crc.o(i.crc16_ccitt), (48 bytes).
    Removing lib_crc.o(i.crc8_calc), (48 bytes).
    Removing lib_crc.o(.constdata), (512 bytes).
    Removing lib_list.o(i.list_insert_after), (14 bytes).
    Removing lib_list.o(i.list_insert_before), (14 bytes).
    Removing dadd.o(.text), (334 bytes).
    Removing dmul.o(.text), (228 bytes).
    Removing ddiv.o(.text), (222 bytes).
    Removing dfixul.o(.text), (48 bytes).
    Removing cdrcmple.o(.text), (48 bytes).
    Removing depilogue.o(.text), (186 bytes).

449 unused section(s) (total 33402 bytes) removed from the image.

==============================================================================

Image Symbol Table

    Local Symbols

    Symbol Name                              Value     Ov Type        Size  Object(Section)

    ../Drivers/STM32F4xx_HAL_Driver/Src/stm32f4xx_hal.c 0x00000000   Number         0  stm32f4xx_hal.o ABSOLUTE
    ../Drivers/STM32F4xx_HAL_Driver/Src/stm32f4xx_hal_can.c 0x00000000   Number         0  stm32f4xx_hal_can.o ABSOLUTE
    ../Drivers/STM32F4xx_HAL_Driver/Src/stm32f4xx_hal_cortex.c 0x00000000   Number         0  stm32f4xx_hal_cortex.o ABSOLUTE
    ../Drivers/STM32F4xx_HAL_Driver/Src/stm32f4xx_hal_dma.c 0x00000000   Number         0  stm32f4xx_hal_dma.o ABSOLUTE
    ../Drivers/STM32F4xx_HAL_Driver/Src/stm32f4xx_hal_dma_ex.c 0x00000000   Number         0  stm32f4xx_hal_dma_ex.o ABSOLUTE
    ../Drivers/STM32F4xx_HAL_Driver/Src/stm32f4xx_hal_exti.c 0x00000000   Number         0  stm32f4xx_hal_exti.o ABSOLUTE
    ../Drivers/STM32F4xx_HAL_Driver/Src/stm32f4xx_hal_flash.c 0x00000000   Number         0  stm32f4xx_hal_flash.o ABSOLUTE
    ../Drivers/STM32F4xx_HAL_Driver/Src/stm32f4xx_hal_flash_ex.c 0x00000000   Number         0  stm32f4xx_hal_flash_ex.o ABSOLUTE
    ../Drivers/STM32F4xx_HAL_Driver/Src/stm32f4xx_hal_flash_ramfunc.c 0x00000000   Number         0  stm32f4xx_hal_flash_ramfunc.o ABSOLUTE
    ../Drivers/STM32F4xx_HAL_Driver/Src/stm32f4xx_hal_gpio.c 0x00000000   Number         0  stm32f4xx_hal_gpio.o ABSOLUTE
    ../Drivers/STM32F4xx_HAL_Driver/Src/stm32f4xx_hal_pwr.c 0x00000000   Number         0  stm32f4xx_hal_pwr.o ABSOLUTE
    ../Drivers/STM32F4xx_HAL_Driver/Src/stm32f4xx_hal_pwr_ex.c 0x00000000   Number         0  stm32f4xx_hal_pwr_ex.o ABSOLUTE
    ../Drivers/STM32F4xx_HAL_Driver/Src/stm32f4xx_hal_rcc.c 0x00000000   Number         0  stm32f4xx_hal_rcc.o ABSOLUTE
    ../Drivers/STM32F4xx_HAL_Driver/Src/stm32f4xx_hal_rcc_ex.c 0x00000000   Number         0  stm32f4xx_hal_rcc_ex.o ABSOLUTE
    ../Drivers/STM32F4xx_HAL_Driver/Src/stm32f4xx_hal_tim.c 0x00000000   Number         0  stm32f4xx_hal_tim.o ABSOLUTE
    ../Drivers/STM32F4xx_HAL_Driver/Src/stm32f4xx_hal_tim_ex.c 0x00000000   Number         0  stm32f4xx_hal_tim_ex.o ABSOLUTE
    ../Drivers/STM32F4xx_HAL_Driver/Src/stm32f4xx_hal_uart.c 0x00000000   Number         0  stm32f4xx_hal_uart.o ABSOLUTE
    ../Src/can.c                             0x00000000   Number         0  can.o ABSOLUTE
    ../Src/gpio.c                            0x00000000   Number         0  gpio.o ABSOLUTE
    ../Src/main.c                            0x00000000   Number         0  main.o ABSOLUTE
    ../Src/stm32f4xx_hal_msp.c               0x00000000   Number         0  stm32f4xx_hal_msp.o ABSOLUTE
    ../Src/stm32f4xx_it.c                    0x00000000   Number         0  stm32f4xx_it.o ABSOLUTE
    ../Src/system_stm32f4xx.c                0x00000000   Number         0  system_stm32f4xx.o ABSOLUTE
    ../Src/tim.c                             0x00000000   Number         0  tim.o ABSOLUTE
    ../Src/usart.c                           0x00000000   Number         0  usart.o ABSOLUTE
    ../clib/microlib/division.c              0x00000000   Number         0  uidiv.o ABSOLUTE
    ../clib/microlib/division.c              0x00000000   Number         0  uldiv.o ABSOLUTE
    ../clib/microlib/init/entry.s            0x00000000   Number         0  entry11a.o ABSOLUTE
    ../clib/microlib/init/entry.s            0x00000000   Number         0  entry7b.o ABSOLUTE
    ../clib/microlib/init/entry.s            0x00000000   Number         0  entry7a.o ABSOLUTE
    ../clib/microlib/init/entry.s            0x00000000   Number         0  entry9b.o ABSOLUTE
    ../clib/microlib/init/entry.s            0x00000000   Number         0  entry8a.o ABSOLUTE
    ../clib/microlib/init/entry.s            0x00000000   Number         0  entry10a.o ABSOLUTE
    ../clib/microlib/init/entry.s            0x00000000   Number         0  entry.o ABSOLUTE
    ../clib/microlib/init/entry.s            0x00000000   Number         0  entry5.o ABSOLUTE
    ../clib/microlib/init/entry.s            0x00000000   Number         0  entry10b.o ABSOLUTE
    ../clib/microlib/init/entry.s            0x00000000   Number         0  entry9a.o ABSOLUTE
    ../clib/microlib/init/entry.s            0x00000000   Number         0  entry2.o ABSOLUTE
    ../clib/microlib/init/entry.s            0x00000000   Number         0  entry8b.o ABSOLUTE
    ../clib/microlib/init/entry.s            0x00000000   Number         0  entry11b.o ABSOLUTE
    ../clib/microlib/longlong.c              0x00000000   Number         0  llshl.o ABSOLUTE
    ../clib/microlib/longlong.c              0x00000000   Number         0  llushr.o ABSOLUTE
    ../clib/microlib/longlong.c              0x00000000   Number         0  llsshr.o ABSOLUTE
    ../clib/microlib/printf/printf.c         0x00000000   Number         0  printf1.o ABSOLUTE
    ../clib/microlib/printf/printf.c         0x00000000   Number         0  printf7.o ABSOLUTE
    ../clib/microlib/printf/printf.c         0x00000000   Number         0  printf6.o ABSOLUTE
    ../clib/microlib/printf/printf.c         0x00000000   Number         0  printf5.o ABSOLUTE
    ../clib/microlib/printf/printf.c         0x00000000   Number         0  printf0.o ABSOLUTE
    ../clib/microlib/printf/printf.c         0x00000000   Number         0  printf4.o ABSOLUTE
    ../clib/microlib/printf/printf.c         0x00000000   Number         0  printf8.o ABSOLUTE
    ../clib/microlib/printf/printf.c         0x00000000   Number         0  printf3.o ABSOLUTE
    ../clib/microlib/printf/printf.c         0x00000000   Number         0  printf2.o ABSOLUTE
    ../clib/microlib/printf/printf.c         0x00000000   Number         0  printfb.o ABSOLUTE
    ../clib/microlib/printf/printf.c         0x00000000   Number         0  printfa.o ABSOLUTE
    ../clib/microlib/printf/stubs.s          0x00000000   Number         0  stubs.o ABSOLUTE
    ../clib/microlib/stdio/streams.c         0x00000000   Number         0  stdout.o ABSOLUTE
    ../clib/microlib/string/memcpy.c         0x00000000   Number         0  memcpya.o ABSOLUTE
    ../clib/microlib/string/memcpy.c         0x00000000   Number         0  memcpyb.o ABSOLUTE
    ../clib/microlib/string/memset.c         0x00000000   Number         0  memseta.o ABSOLUTE
    ../clib/microlib/stubs.s                 0x00000000   Number         0  iusefp.o ABSOLUTE
    ../fplib/microlib/fpadd.c                0x00000000   Number         0  dadd.o ABSOLUTE
    ../fplib/microlib/fpdiv.c                0x00000000   Number         0  ddiv.o ABSOLUTE
    ../fplib/microlib/fpepilogue.c           0x00000000   Number         0  depilogue.o ABSOLUTE
    ../fplib/microlib/fpfix.c                0x00000000   Number         0  dfixul.o ABSOLUTE
    ../fplib/microlib/fpmul.c                0x00000000   Number         0  dmul.o ABSOLUTE
    ..\Drivers\STM32F4xx_HAL_Driver\Src\stm32f4xx_hal.c 0x00000000   Number         0  stm32f4xx_hal.o ABSOLUTE
    ..\Drivers\STM32F4xx_HAL_Driver\Src\stm32f4xx_hal_can.c 0x00000000   Number         0  stm32f4xx_hal_can.o ABSOLUTE
    ..\Drivers\STM32F4xx_HAL_Driver\Src\stm32f4xx_hal_cortex.c 0x00000000   Number         0  stm32f4xx_hal_cortex.o ABSOLUTE
    ..\Drivers\STM32F4xx_HAL_Driver\Src\stm32f4xx_hal_dma.c 0x00000000   Number         0  stm32f4xx_hal_dma.o ABSOLUTE
    ..\Drivers\STM32F4xx_HAL_Driver\Src\stm32f4xx_hal_dma_ex.c 0x00000000   Number         0  stm32f4xx_hal_dma_ex.o ABSOLUTE
    ..\Drivers\STM32F4xx_HAL_Driver\Src\stm32f4xx_hal_exti.c 0x00000000   Number         0  stm32f4xx_hal_exti.o ABSOLUTE
    ..\Drivers\STM32F4xx_HAL_Driver\Src\stm32f4xx_hal_flash.c 0x00000000   Number         0  stm32f4xx_hal_flash.o ABSOLUTE
    ..\Drivers\STM32F4xx_HAL_Driver\Src\stm32f4xx_hal_flash_ex.c 0x00000000   Number         0  stm32f4xx_hal_flash_ex.o ABSOLUTE
    ..\Drivers\STM32F4xx_HAL_Driver\Src\stm32f4xx_hal_flash_ramfunc.c 0x00000000   Number         0  stm32f4xx_hal_flash_ramfunc.o ABSOLUTE
    ..\Drivers\STM32F4xx_HAL_Driver\Src\stm32f4xx_hal_gpio.c 0x00000000   Number         0  stm32f4xx_hal_gpio.o ABSOLUTE
    ..\Drivers\STM32F4xx_HAL_Driver\Src\stm32f4xx_hal_pwr.c 0x00000000   Number         0  stm32f4xx_hal_pwr.o ABSOLUTE
    ..\Drivers\STM32F4xx_HAL_Driver\Src\stm32f4xx_hal_pwr_ex.c 0x00000000   Number         0  stm32f4xx_hal_pwr_ex.o ABSOLUTE
    ..\Drivers\STM32F4xx_HAL_Driver\Src\stm32f4xx_hal_rcc.c 0x00000000   Number         0  stm32f4xx_hal_rcc.o ABSOLUTE
    ..\Drivers\STM32F4xx_HAL_Driver\Src\stm32f4xx_hal_rcc_ex.c 0x00000000   Number         0  stm32f4xx_hal_rcc_ex.o ABSOLUTE
    ..\Drivers\STM32F4xx_HAL_Driver\Src\stm32f4xx_hal_tim.c 0x00000000   Number         0  stm32f4xx_hal_tim.o ABSOLUTE
    ..\Drivers\STM32F4xx_HAL_Driver\Src\stm32f4xx_hal_tim_ex.c 0x00000000   Number         0  stm32f4xx_hal_tim_ex.o ABSOLUTE
    ..\Drivers\STM32F4xx_HAL_Driver\Src\stm32f4xx_hal_uart.c 0x00000000   Number         0  stm32f4xx_hal_uart.o ABSOLUTE
    ..\Src\can.c                             0x00000000   Number         0  can.o ABSOLUTE
    ..\Src\common.c                          0x00000000   Number         0  common.o ABSOLUTE
    ..\Src\flash_if.c                        0x00000000   Number         0  flash_if.o ABSOLUTE
    ..\Src\gpio.c                            0x00000000   Number         0  gpio.o ABSOLUTE
    ..\Src\hcan.c                            0x00000000   Number         0  hcan.o ABSOLUTE
    ..\Src\hcan_muti_frame.c                 0x00000000   Number         0  hcan_muti_frame.o ABSOLUTE
    ..\Src\hcan_single_frame.c               0x00000000   Number         0  hcan_single_frame.o ABSOLUTE
    ..\Src\main.c                            0x00000000   Number         0  main.o ABSOLUTE
    ..\Src\stm32f4xx_hal_msp.c               0x00000000   Number         0  stm32f4xx_hal_msp.o ABSOLUTE
    ..\Src\stm32f4xx_it.c                    0x00000000   Number         0  stm32f4xx_it.o ABSOLUTE
    ..\Src\system_stm32f4xx.c                0x00000000   Number         0  system_stm32f4xx.o ABSOLUTE
    ..\Src\tim.c                             0x00000000   Number         0  tim.o ABSOLUTE
    ..\Src\usart.c                           0x00000000   Number         0  usart.o ABSOLUTE
    ..\\Src\\common.c                        0x00000000   Number         0  common.o ABSOLUTE
    ..\\Src\\flash_if.c                      0x00000000   Number         0  flash_if.o ABSOLUTE
    ..\\Src\\hcan.c                          0x00000000   Number         0  hcan.o ABSOLUTE
    ..\\Src\\hcan_muti_frame.c               0x00000000   Number         0  hcan_muti_frame.o ABSOLUTE
    ..\\Src\\hcan_single_frame.c             0x00000000   Number         0  hcan_single_frame.o ABSOLUTE
    cdrcmple.s                               0x00000000   Number         0  cdrcmple.o ABSOLUTE
    dc.s                                     0x00000000   Number         0  dc.o ABSOLUTE
    handlers.s                               0x00000000   Number         0  handlers.o ABSOLUTE
    hcan\libs\lib_crc.c                      0x00000000   Number         0  lib_crc.o ABSOLUTE
    hcan\libs\lib_list.c                     0x00000000   Number         0  lib_list.o ABSOLUTE
    init.s                                   0x00000000   Number         0  init.o ABSOLUTE
    startup_stm32f405xx.s                    0x00000000   Number         0  startup_stm32f405xx.o ABSOLUTE
    RESET                                    0x08000000   Section      392  startup_stm32f405xx.o(RESET)
    .ARM.Collect$$$$00000000                 0x08000188   Section        0  entry.o(.ARM.Collect$$$$00000000)
    .ARM.Collect$$$$00000001                 0x08000188   Section        4  entry2.o(.ARM.Collect$$$$00000001)
    .ARM.Collect$$$$00000004                 0x0800018c   Section        4  entry5.o(.ARM.Collect$$$$00000004)
    .ARM.Collect$$$$00000008                 0x08000190   Section        0  entry7b.o(.ARM.Collect$$$$00000008)
    .ARM.Collect$$$$0000000A                 0x08000190   Section        0  entry8b.o(.ARM.Collect$$$$0000000A)
    .ARM.Collect$$$$0000000B                 0x08000190   Section        8  entry9a.o(.ARM.Collect$$$$0000000B)
    .ARM.Collect$$$$0000000D                 0x08000198   Section        0  entry10a.o(.ARM.Collect$$$$0000000D)
    .ARM.Collect$$$$0000000F                 0x08000198   Section        0  entry11a.o(.ARM.Collect$$$$0000000F)
    .ARM.Collect$$$$00002712                 0x08000198   Section        4  entry2.o(.ARM.Collect$$$$00002712)
    __lit__00000000                          0x08000198   Data           4  entry2.o(.ARM.Collect$$$$00002712)
    .text                                    0x0800019c   Section       36  startup_stm32f405xx.o(.text)
    $v0                                      0x0800019c   Number         0  startup_stm32f405xx.o(.text)
    .text                                    0x080001c0   Section        0  uldiv.o(.text)
    .text                                    0x08000222   Section        0  memcpya.o(.text)
    .text                                    0x08000246   Section        0  memseta.o(.text)
    .text                                    0x0800026a   Section        0  llshl.o(.text)
    .text                                    0x08000288   Section        0  llushr.o(.text)
    .text                                    0x080002a8   Section       36  init.o(.text)
    i.BusFault_Handler                       0x080002cc   Section        0  stm32f4xx_it.o(i.BusFault_Handler)
    i.CAN1_RX0_IRQHandler                    0x080002d0   Section        0  stm32f4xx_it.o(i.CAN1_RX0_IRQHandler)
    i.CAN1_RX1_IRQHandler                    0x080002dc   Section        0  stm32f4xx_it.o(i.CAN1_RX1_IRQHandler)
    i.DebugMon_Handler                       0x080002e8   Section        0  stm32f4xx_it.o(i.DebugMon_Handler)
    i.Error_Handler                          0x080002ea   Section        0  main.o(i.Error_Handler)
    i.FLASH_If_Init                          0x080002f0   Section        0  flash_if.o(i.FLASH_If_Init)
    i.FLASH_If_Write                         0x08000304   Section        0  flash_if.o(i.FLASH_If_Write)
    i.FLASH_Program_Byte                     0x0800034c   Section        0  stm32f4xx_hal_flash.o(i.FLASH_Program_Byte)
    FLASH_Program_Byte                       0x0800034d   Thumb Code    26  stm32f4xx_hal_flash.o(i.FLASH_Program_Byte)
    i.FLASH_Program_DoubleWord               0x0800036c   Section        0  stm32f4xx_hal_flash.o(i.FLASH_Program_DoubleWord)
    FLASH_Program_DoubleWord                 0x0800036d   Thumb Code    38  stm32f4xx_hal_flash.o(i.FLASH_Program_DoubleWord)
    i.FLASH_Program_HalfWord                 0x08000398   Section        0  stm32f4xx_hal_flash.o(i.FLASH_Program_HalfWord)
    FLASH_Program_HalfWord                   0x08000399   Thumb Code    30  stm32f4xx_hal_flash.o(i.FLASH_Program_HalfWord)
    i.FLASH_Program_Word                     0x080003bc   Section        0  stm32f4xx_hal_flash.o(i.FLASH_Program_Word)
    FLASH_Program_Word                       0x080003bd   Thumb Code    30  stm32f4xx_hal_flash.o(i.FLASH_Program_Word)
    i.FLASH_SetErrorCode                     0x080003e0   Section        0  stm32f4xx_hal_flash.o(i.FLASH_SetErrorCode)
    FLASH_SetErrorCode                       0x080003e1   Thumb Code    96  stm32f4xx_hal_flash.o(i.FLASH_SetErrorCode)
    i.FLASH_WaitForLastOperation             0x08000448   Section        0  stm32f4xx_hal_flash.o(i.FLASH_WaitForLastOperation)
    i.HAL_CAN_ActivateNotification           0x08000498   Section        0  stm32f4xx_hal_can.o(i.HAL_CAN_ActivateNotification)
    i.HAL_CAN_AddTxMessage                   0x080004bc   Section        0  stm32f4xx_hal_can.o(i.HAL_CAN_AddTxMessage)
    i.HAL_CAN_ConfigFilter                   0x08000584   Section        0  stm32f4xx_hal_can.o(i.HAL_CAN_ConfigFilter)
    i.HAL_CAN_ErrorCallback                  0x08000690   Section        0  stm32f4xx_hal_can.o(i.HAL_CAN_ErrorCallback)
    i.HAL_CAN_GetError                       0x08000692   Section        0  stm32f4xx_hal_can.o(i.HAL_CAN_GetError)
    i.HAL_CAN_GetRxMessage                   0x08000696   Section        0  stm32f4xx_hal_can.o(i.HAL_CAN_GetRxMessage)
    i.HAL_CAN_GetState                       0x0800077e   Section        0  stm32f4xx_hal_can.o(i.HAL_CAN_GetState)
    i.HAL_CAN_IRQHandler                     0x080007a2   Section        0  stm32f4xx_hal_can.o(i.HAL_CAN_IRQHandler)
    i.HAL_CAN_Init                           0x0800099e   Section        0  stm32f4xx_hal_can.o(i.HAL_CAN_Init)
    i.HAL_CAN_MspDeInit                      0x08000ab8   Section        0  can.o(i.HAL_CAN_MspDeInit)
    i.HAL_CAN_MspInit                        0x08000af4   Section        0  can.o(i.HAL_CAN_MspInit)
    i.HAL_CAN_ResetError                     0x08000b80   Section        0  stm32f4xx_hal_can.o(i.HAL_CAN_ResetError)
    i.HAL_CAN_RxFifo0FullCallback            0x08000ba2   Section        0  stm32f4xx_hal_can.o(i.HAL_CAN_RxFifo0FullCallback)
    i.HAL_CAN_RxFifo0MsgPendingCallback      0x08000ba4   Section        0  can.o(i.HAL_CAN_RxFifo0MsgPendingCallback)
    i.HAL_CAN_RxFifo1FullCallback            0x08000bce   Section        0  stm32f4xx_hal_can.o(i.HAL_CAN_RxFifo1FullCallback)
    i.HAL_CAN_RxFifo1MsgPendingCallback      0x08000bd0   Section        0  stm32f4xx_hal_can.o(i.HAL_CAN_RxFifo1MsgPendingCallback)
    i.HAL_CAN_SleepCallback                  0x08000bd2   Section        0  stm32f4xx_hal_can.o(i.HAL_CAN_SleepCallback)
    i.HAL_CAN_Start                          0x08000bd4   Section        0  stm32f4xx_hal_can.o(i.HAL_CAN_Start)
    i.HAL_CAN_TxMailbox0AbortCallback        0x08000c2c   Section        0  stm32f4xx_hal_can.o(i.HAL_CAN_TxMailbox0AbortCallback)
    i.HAL_CAN_TxMailbox0CompleteCallback     0x08000c2e   Section        0  stm32f4xx_hal_can.o(i.HAL_CAN_TxMailbox0CompleteCallback)
    i.HAL_CAN_TxMailbox1AbortCallback        0x08000c30   Section        0  stm32f4xx_hal_can.o(i.HAL_CAN_TxMailbox1AbortCallback)
    i.HAL_CAN_TxMailbox1CompleteCallback     0x08000c32   Section        0  stm32f4xx_hal_can.o(i.HAL_CAN_TxMailbox1CompleteCallback)
    i.HAL_CAN_TxMailbox2AbortCallback        0x08000c34   Section        0  stm32f4xx_hal_can.o(i.HAL_CAN_TxMailbox2AbortCallback)
    i.HAL_CAN_TxMailbox2CompleteCallback     0x08000c36   Section        0  stm32f4xx_hal_can.o(i.HAL_CAN_TxMailbox2CompleteCallback)
    i.HAL_CAN_WakeUpFromRxMsgCallback        0x08000c38   Section        0  stm32f4xx_hal_can.o(i.HAL_CAN_WakeUpFromRxMsgCallback)
    i.HAL_DeInit                             0x08000c3c   Section        0  stm32f4xx_hal.o(i.HAL_DeInit)
    i.HAL_FLASH_Lock                         0x08000c70   Section        0  stm32f4xx_hal_flash.o(i.HAL_FLASH_Lock)
    i.HAL_FLASH_Program                      0x08000c84   Section        0  stm32f4xx_hal_flash.o(i.HAL_FLASH_Program)
    i.HAL_FLASH_Unlock                       0x08000d00   Section        0  stm32f4xx_hal_flash.o(i.HAL_FLASH_Unlock)
    i.HAL_GPIO_DeInit                        0x08000d2c   Section        0  stm32f4xx_hal_gpio.o(i.HAL_GPIO_DeInit)
    i.HAL_GPIO_Init                          0x08000e94   Section        0  stm32f4xx_hal_gpio.o(i.HAL_GPIO_Init)
    i.HAL_GetTick                            0x08001084   Section        0  stm32f4xx_hal.o(i.HAL_GetTick)
    i.HAL_IncTick                            0x08001090   Section        0  stm32f4xx_hal.o(i.HAL_IncTick)
    i.HAL_Init                               0x080010a0   Section        0  stm32f4xx_hal.o(i.HAL_Init)
    i.HAL_InitTick                           0x080010d4   Section        0  stm32f4xx_hal.o(i.HAL_InitTick)
    i.HAL_MspDeInit                          0x08001114   Section        0  stm32f4xx_hal.o(i.HAL_MspDeInit)
    i.HAL_MspInit                            0x08001118   Section        0  stm32f4xx_hal_msp.o(i.HAL_MspInit)
    i.HAL_NVIC_ClearPendingIRQ               0x08001148   Section        0  stm32f4xx_hal_cortex.o(i.HAL_NVIC_ClearPendingIRQ)
    i.HAL_NVIC_DisableIRQ                    0x08001162   Section        0  stm32f4xx_hal_cortex.o(i.HAL_NVIC_DisableIRQ)
    i.HAL_NVIC_EnableIRQ                     0x08001184   Section        0  stm32f4xx_hal_cortex.o(i.HAL_NVIC_EnableIRQ)
    i.HAL_NVIC_SetPriority                   0x080011a0   Section        0  stm32f4xx_hal_cortex.o(i.HAL_NVIC_SetPriority)
    i.HAL_NVIC_SetPriorityGrouping           0x080011e0   Section        0  stm32f4xx_hal_cortex.o(i.HAL_NVIC_SetPriorityGrouping)
    i.HAL_RCC_ClockConfig                    0x08001204   Section        0  stm32f4xx_hal_rcc.o(i.HAL_RCC_ClockConfig)
    i.HAL_RCC_GetPCLK1Freq                   0x08001338   Section        0  stm32f4xx_hal_rcc.o(i.HAL_RCC_GetPCLK1Freq)
    i.HAL_RCC_GetPCLK2Freq                   0x08001358   Section        0  stm32f4xx_hal_rcc.o(i.HAL_RCC_GetPCLK2Freq)
    i.HAL_RCC_GetSysClockFreq                0x08001378   Section        0  stm32f4xx_hal_rcc.o(i.HAL_RCC_GetSysClockFreq)
    i.HAL_RCC_OscConfig                      0x080013d8   Section        0  stm32f4xx_hal_rcc.o(i.HAL_RCC_OscConfig)
    i.HAL_SYSTICK_Config                     0x08001744   Section        0  stm32f4xx_hal_cortex.o(i.HAL_SYSTICK_Config)
    i.HAL_TIMEx_BreakCallback                0x0800176c   Section        0  stm32f4xx_hal_tim_ex.o(i.HAL_TIMEx_BreakCallback)
    i.HAL_TIMEx_CommutCallback               0x0800176e   Section        0  stm32f4xx_hal_tim_ex.o(i.HAL_TIMEx_CommutCallback)
    i.HAL_TIMEx_MasterConfigSynchronization  0x08001770   Section        0  stm32f4xx_hal_tim_ex.o(i.HAL_TIMEx_MasterConfigSynchronization)
    i.HAL_TIM_Base_Init                      0x08001800   Section        0  stm32f4xx_hal_tim.o(i.HAL_TIM_Base_Init)
    i.HAL_TIM_Base_MspDeInit                 0x0800185c   Section        0  tim.o(i.HAL_TIM_Base_MspDeInit)
    i.HAL_TIM_Base_MspInit                   0x0800187c   Section        0  tim.o(i.HAL_TIM_Base_MspInit)
    i.HAL_TIM_Base_Start_IT                  0x080018bc   Section        0  stm32f4xx_hal_tim.o(i.HAL_TIM_Base_Start_IT)
    i.HAL_TIM_Base_Stop_IT                   0x0800193c   Section        0  stm32f4xx_hal_tim.o(i.HAL_TIM_Base_Stop_IT)
    i.HAL_TIM_ConfigClockSource              0x0800196c   Section        0  stm32f4xx_hal_tim.o(i.HAL_TIM_ConfigClockSource)
    i.HAL_TIM_IC_CaptureCallback             0x08001a48   Section        0  stm32f4xx_hal_tim.o(i.HAL_TIM_IC_CaptureCallback)
    i.HAL_TIM_IRQHandler                     0x08001a4a   Section        0  stm32f4xx_hal_tim.o(i.HAL_TIM_IRQHandler)
    i.HAL_TIM_OC_DelayElapsedCallback        0x08001bb0   Section        0  stm32f4xx_hal_tim.o(i.HAL_TIM_OC_DelayElapsedCallback)
    i.HAL_TIM_PWM_PulseFinishedCallback      0x08001bb2   Section        0  stm32f4xx_hal_tim.o(i.HAL_TIM_PWM_PulseFinishedCallback)
    i.HAL_TIM_PeriodElapsedCallback          0x08001bb4   Section        0  tim.o(i.HAL_TIM_PeriodElapsedCallback)
    i.HAL_TIM_TriggerCallback                0x08001bc4   Section        0  stm32f4xx_hal_tim.o(i.HAL_TIM_TriggerCallback)
    i.HAL_UART_Init                          0x08001bc6   Section        0  stm32f4xx_hal_uart.o(i.HAL_UART_Init)
    i.HAL_UART_MspDeInit                     0x08001c28   Section        0  usart.o(i.HAL_UART_MspDeInit)
    i.HAL_UART_MspInit                       0x08001c64   Section        0  usart.o(i.HAL_UART_MspInit)
    i.HAL_UART_Transmit                      0x08001cec   Section        0  stm32f4xx_hal_uart.o(i.HAL_UART_Transmit)
    i.HardFault_Handler                      0x08001d9e   Section        0  stm32f4xx_it.o(i.HardFault_Handler)
    i.Jump2APP                               0x08001da0   Section        0  flash_if.o(i.Jump2APP)
    i.MX_CAN1_Init                           0x08001db4   Section        0  can.o(i.MX_CAN1_Init)
    i.MX_GPIO_Init                           0x08001e28   Section        0  gpio.o(i.MX_GPIO_Init)
    i.MX_TIM2_Init                           0x08001e64   Section        0  tim.o(i.MX_TIM2_Init)
    i.MX_UART5_Init                          0x08001ecc   Section        0  usart.o(i.MX_UART5_Init)
    i.MemManage_Handler                      0x08001f04   Section        0  stm32f4xx_it.o(i.MemManage_Handler)
    i.NMI_Handler                            0x08001f06   Section        0  stm32f4xx_it.o(i.NMI_Handler)
    i.PendSV_Handler                         0x08001f08   Section        0  stm32f4xx_it.o(i.PendSV_Handler)
    i.SVC_Handler                            0x08001f0a   Section        0  stm32f4xx_it.o(i.SVC_Handler)
    i.SysTick_Handler                        0x08001f0c   Section        0  stm32f4xx_it.o(i.SysTick_Handler)
    i.SystemClock_Config                     0x08001f10   Section        0  main.o(i.SystemClock_Config)
    i.SystemInit                             0x08001fa0   Section        0  system_stm32f4xx.o(i.SystemInit)
    i.TIM2_IRQHandler                        0x08001fbc   Section        0  stm32f4xx_it.o(i.TIM2_IRQHandler)
    i.TIM_Base_SetConfig                     0x08001fc8   Section        0  stm32f4xx_hal_tim.o(i.TIM_Base_SetConfig)
    i.TIM_ETR_SetConfig                      0x08002090   Section        0  stm32f4xx_hal_tim.o(i.TIM_ETR_SetConfig)
    i.TIM_ITRx_SetConfig                     0x080020a4   Section        0  stm32f4xx_hal_tim.o(i.TIM_ITRx_SetConfig)
    TIM_ITRx_SetConfig                       0x080020a5   Thumb Code    16  stm32f4xx_hal_tim.o(i.TIM_ITRx_SetConfig)
    i.TIM_TI1_ConfigInputStage               0x080020b4   Section        0  stm32f4xx_hal_tim.o(i.TIM_TI1_ConfigInputStage)
    TIM_TI1_ConfigInputStage                 0x080020b5   Thumb Code    34  stm32f4xx_hal_tim.o(i.TIM_TI1_ConfigInputStage)
    i.TIM_TI2_ConfigInputStage               0x080020d6   Section        0  stm32f4xx_hal_tim.o(i.TIM_TI2_ConfigInputStage)
    TIM_TI2_ConfigInputStage                 0x080020d7   Thumb Code    36  stm32f4xx_hal_tim.o(i.TIM_TI2_ConfigInputStage)
    i.UART_SetConfig                         0x080020fc   Section        0  stm32f4xx_hal_uart.o(i.UART_SetConfig)
    UART_SetConfig                           0x080020fd   Thumb Code   258  stm32f4xx_hal_uart.o(i.UART_SetConfig)
    i.UART_WaitOnFlagUntilTimeout            0x08002208   Section        0  stm32f4xx_hal_uart.o(i.UART_WaitOnFlagUntilTimeout)
    UART_WaitOnFlagUntilTimeout              0x08002209   Thumb Code   120  stm32f4xx_hal_uart.o(i.UART_WaitOnFlagUntilTimeout)
    i.UsageFault_Handler                     0x08002280   Section        0  stm32f4xx_it.o(i.UsageFault_Handler)
    i.__0printf$5                            0x08002284   Section        0  printf5.o(i.__0printf$5)
    i.__NVIC_SetPriority                     0x080022a4   Section        0  stm32f4xx_hal_cortex.o(i.__NVIC_SetPriority)
    __NVIC_SetPriority                       0x080022a5   Thumb Code    32  stm32f4xx_hal_cortex.o(i.__NVIC_SetPriority)
    i.__scatterload_copy                     0x080022c4   Section       14  handlers.o(i.__scatterload_copy)
    i.__scatterload_null                     0x080022d2   Section        2  handlers.o(i.__scatterload_null)
    i.__scatterload_zeroinit                 0x080022d4   Section       14  handlers.o(i.__scatterload_zeroinit)
    i._printf_core                           0x080022e4   Section        0  printf5.o(i._printf_core)
    _printf_core                             0x080022e5   Thumb Code   658  printf5.o(i._printf_core)
    i.crc16_calc                             0x080025a4   Section        0  lib_crc.o(i.crc16_calc)
    i.fputc                                  0x080025d4   Section        0  usart.o(i.fputc)
    i.hcan_ack_fc_notify                     0x080025ec   Section        0  hcan.o(i.hcan_ack_fc_notify)
    i.hcan_add_single_frame_list             0x080025f0   Section        0  hcan_single_frame.o(i.hcan_add_single_frame_list)
    i.hcan_adjust_send_parameter             0x080026bc   Section        0  hcan_muti_frame.o(i.hcan_adjust_send_parameter)
    hcan_adjust_send_parameter               0x080026bd   Thumb Code   132  hcan_muti_frame.o(i.hcan_adjust_send_parameter)
    i.hcan_can_send_flow_control_frame       0x08002744   Section        0  hcan_muti_frame.o(i.hcan_can_send_flow_control_frame)
    hcan_can_send_flow_control_frame         0x08002745   Thumb Code    70  hcan_muti_frame.o(i.hcan_can_send_flow_control_frame)
    i.hcan_continuous_frame_transmit         0x0800278c   Section        0  hcan_muti_frame.o(i.hcan_continuous_frame_transmit)
    hcan_continuous_frame_transmit           0x0800278d   Thumb Code   292  hcan_muti_frame.o(i.hcan_continuous_frame_transmit)
    i.hcan_delete_resend_frame               0x080028b4   Section        0  hcan_single_frame.o(i.hcan_delete_resend_frame)
    hcan_delete_resend_frame                 0x080028b5   Thumb Code   102  hcan_single_frame.o(i.hcan_delete_resend_frame)
    i.hcan_driver_fault_reset                0x08002920   Section        0  can.o(i.hcan_driver_fault_reset)
    i.hcan_driver_hw_init                    0x08002944   Section        0  can.o(i.hcan_driver_hw_init)
    i.hcan_driver_query_bus_status           0x08002994   Section        0  can.o(i.hcan_driver_query_bus_status)
    i.hcan_driver_send_multi_frame           0x080029c0   Section        0  can.o(i.hcan_driver_send_multi_frame)
    i.hcan_driver_send_single_frame          0x08002a18   Section        0  can.o(i.hcan_driver_send_single_frame)
    i.hcan_frame_recv_handle                 0x08002a84   Section        0  hcan.o(i.hcan_frame_recv_handle)
    hcan_frame_recv_handle                   0x08002a85   Thumb Code   110  hcan.o(i.hcan_frame_recv_handle)
    i.hcan_handle_flow_control               0x08002af8   Section        0  hcan_muti_frame.o(i.hcan_handle_flow_control)
    hcan_handle_flow_control                 0x08002af9   Thumb Code   196  hcan_muti_frame.o(i.hcan_handle_flow_control)
    i.hcan_handle_recv_continuous_frame      0x08002bc0   Section        0  hcan_muti_frame.o(i.hcan_handle_recv_continuous_frame)
    hcan_handle_recv_continuous_frame        0x08002bc1   Thumb Code   296  hcan_muti_frame.o(i.hcan_handle_recv_continuous_frame)
    i.hcan_handle_recv_first_frame           0x08002cf0   Section        0  hcan_muti_frame.o(i.hcan_handle_recv_first_frame)
    hcan_handle_recv_first_frame             0x08002cf1   Thumb Code   112  hcan_muti_frame.o(i.hcan_handle_recv_first_frame)
    i.hcan_hw_bus_off_handle                 0x08002d64   Section        0  hcan.o(i.hcan_hw_bus_off_handle)
    hcan_hw_bus_off_handle                   0x08002d65   Thumb Code    82  hcan.o(i.hcan_hw_bus_off_handle)
    i.hcan_hw_frame_recv                     0x08002dbc   Section        0  hcan.o(i.hcan_hw_frame_recv)
    i.hcan_init                              0x08002e38   Section        0  hcan.o(i.hcan_init)
    i.hcan_loop                              0x08002e5c   Section        0  hcan.o(i.hcan_loop)
    i.hcan_msg_error_handle_notify           0x08002e7a   Section        0  hcan.o(i.hcan_msg_error_handle_notify)
    i.hcan_msg_recv_notify                   0x08002e80   Section        0  hcan.o(i.hcan_msg_recv_notify)
    i.hcan_multi_frame_handle_init           0x08002fa4   Section        0  hcan_muti_frame.o(i.hcan_multi_frame_handle_init)
    i.hcan_multi_frame_recv_handle           0x08002fd0   Section        0  hcan_muti_frame.o(i.hcan_multi_frame_recv_handle)
    i.hcan_multi_frame_timer_handle          0x08003008   Section        0  hcan_muti_frame.o(i.hcan_multi_frame_timer_handle)
    i.hcan_multi_frame_transmit              0x080030b8   Section        0  hcan_muti_frame.o(i.hcan_multi_frame_transmit)
    i.hcan_single_frame_handle_init          0x08003174   Section        0  hcan_single_frame.o(i.hcan_single_frame_handle_init)
    i.hcan_single_frame_recv_handle          0x08003198   Section        0  hcan_single_frame.o(i.hcan_single_frame_recv_handle)
    i.hcan_single_frame_timer_handle         0x0800320c   Section        0  hcan_single_frame.o(i.hcan_single_frame_timer_handle)
    i.hcan_single_frame_transmit             0x08003260   Section        0  hcan_single_frame.o(i.hcan_single_frame_transmit)
    i.list_count                             0x08003320   Section        0  lib_list.o(i.list_count)
    i.list_delete                            0x08003336   Section        0  lib_list.o(i.list_delete)
    i.list_init                              0x0800335c   Section        0  lib_list.o(i.list_init)
    i.list_insert                            0x08003366   Section        0  lib_list.o(i.list_insert)
    i.main                                   0x08003384   Section        0  main.o(i.main)
    .constdata                               0x08003488   Section       16  system_stm32f4xx.o(.constdata)
    .constdata                               0x08003498   Section        8  system_stm32f4xx.o(.constdata)
    .data                                    0x20000000   Section        1  main.o(.data)
    .data                                    0x20000004   Section        4  flash_if.o(.data)
    .data                                    0x20000008   Section       12  stm32f4xx_hal.o(.data)
    .data                                    0x20000014   Section        4  system_stm32f4xx.o(.data)
    .data                                    0x20000018   Section        2  hcan_muti_frame.o(.data)
    recv_bs_in_byte                          0x20000018   Data           2  hcan_muti_frame.o(.data)
    .data                                    0x2000001a   Section        1  hcan_single_frame.o(.data)
    ack_seq                                  0x2000001a   Data           1  hcan_single_frame.o(.data)
    .data                                    0x2000001c   Section       12  hcan.o(.data)
    hcan_bus_off_status                      0x2000001c   Data           1  hcan.o(.data)
    error_counter                            0x2000001e   Data           2  hcan.o(.data)
    recv_frame_head                          0x20000020   Data           8  hcan.o(.data)
    .data                                    0x20000028   Section        4  stdout.o(.data)
    .bss                                     0x2000002c   Section       40  can.o(.bss)
    .bss                                     0x20000054   Section       72  tim.o(.bss)
    .bss                                     0x2000009c   Section       68  usart.o(.bss)
    .bss                                     0x200000e0   Section       32  stm32f4xx_hal_flash.o(.bss)
    .bss                                     0x20000100   Section     2164  hcan_muti_frame.o(.bss)
    hcan_multi_frame_tx                      0x20000100   Data        1116  hcan_muti_frame.o(.bss)
    hcan_multi_frame_rx                      0x2000055c   Data        1048  hcan_muti_frame.o(.bss)
    .bss                                     0x20000974   Section       92  hcan_single_frame.o(.bss)
    hcan_single_frame_tx                     0x20000974   Data          92  hcan_single_frame.o(.bss)
    .bss                                     0x200009d0   Section     7680  hcan.o(.bss)
    hcan_recv_frame_buffer                   0x200009d0   Data        7680  hcan.o(.bss)
    STACK                                    0x200027d0   Section     1024  startup_stm32f405xx.o(STACK)

    Global Symbols

    Symbol Name                              Value     Ov Type        Size  Object(Section)

    BuildAttributes$$THM_ISAv4$E$P$D$K$B$S$7EM$VFPi3$EXTD16$VFPS$VFMA$PE$A:L22UL41UL21$X:L11$S22US41US21$IEEE1$IW$USESV6$~STKCKD$USESV7$~SHL$OSPACE$ROPI$EBA8$MICROLIB$REQ8$PRES8$EABIv2 0x00000000   Number         0  anon$$obj.o ABSOLUTE
    __ARM_use_no_argv                        0x00000000   Number         0  main.o ABSOLUTE
    _printf_a                                0x00000000   Number         0  stubs.o ABSOLUTE
    _printf_c                                0x00000000   Number         0  stubs.o ABSOLUTE
    _printf_charcount                        0x00000000   Number         0  stubs.o ABSOLUTE
    _printf_d                                0x00000000   Number         0  stubs.o ABSOLUTE
    _printf_e                                0x00000000   Number         0  stubs.o ABSOLUTE
    _printf_f                                0x00000000   Number         0  stubs.o ABSOLUTE
    _printf_flags                            0x00000000   Number         0  stubs.o ABSOLUTE
    _printf_fp_dec                           0x00000000   Number         0  stubs.o ABSOLUTE
    _printf_fp_hex                           0x00000000   Number         0  stubs.o ABSOLUTE
    _printf_g                                0x00000000   Number         0  stubs.o ABSOLUTE
    _printf_i                                0x00000000   Number         0  stubs.o ABSOLUTE
    _printf_int_dec                          0x00000000   Number         0  stubs.o ABSOLUTE
    _printf_l                                0x00000000   Number         0  stubs.o ABSOLUTE
    _printf_lc                               0x00000000   Number         0  stubs.o ABSOLUTE
    _printf_ll                               0x00000000   Number         0  stubs.o ABSOLUTE
    _printf_lld                              0x00000000   Number         0  stubs.o ABSOLUTE
    _printf_lli                              0x00000000   Number         0  stubs.o ABSOLUTE
    _printf_llo                              0x00000000   Number         0  stubs.o ABSOLUTE
    _printf_llu                              0x00000000   Number         0  stubs.o ABSOLUTE
    _printf_llx                              0x00000000   Number         0  stubs.o ABSOLUTE
    _printf_longlong_dec                     0x00000000   Number         0  stubs.o ABSOLUTE
    _printf_longlong_hex                     0x00000000   Number         0  stubs.o ABSOLUTE
    _printf_longlong_oct                     0x00000000   Number         0  stubs.o ABSOLUTE
    _printf_ls                               0x00000000   Number         0  stubs.o ABSOLUTE
    _printf_mbtowc                           0x00000000   Number         0  stubs.o ABSOLUTE
    _printf_n                                0x00000000   Number         0  stubs.o ABSOLUTE
    _printf_o                                0x00000000   Number         0  stubs.o ABSOLUTE
    _printf_p                                0x00000000   Number         0  stubs.o ABSOLUTE
    _printf_percent                          0x00000000   Number         0  stubs.o ABSOLUTE
    _printf_pre_padding                      0x00000000   Number         0  stubs.o ABSOLUTE
    _printf_return_value                     0x00000000   Number         0  stubs.o ABSOLUTE
    _printf_s                                0x00000000   Number         0  stubs.o ABSOLUTE
    _printf_sizespec                         0x00000000   Number         0  stubs.o ABSOLUTE
    _printf_str                              0x00000000   Number         0  stubs.o ABSOLUTE
    _printf_truncate_signed                  0x00000000   Number         0  stubs.o ABSOLUTE
    _printf_truncate_unsigned                0x00000000   Number         0  stubs.o ABSOLUTE
    _printf_u                                0x00000000   Number         0  stubs.o ABSOLUTE
    _printf_wc                               0x00000000   Number         0  stubs.o ABSOLUTE
    _printf_wctomb                           0x00000000   Number         0  stubs.o ABSOLUTE
    _printf_widthprec                        0x00000000   Number         0  stubs.o ABSOLUTE
    _printf_x                                0x00000000   Number         0  stubs.o ABSOLUTE
    __cpp_initialize__aeabi_                  - Undefined Weak Reference
    __cxa_finalize                            - Undefined Weak Reference
    __decompress                              - Undefined Weak Reference
    _clock_init                               - Undefined Weak Reference
    _microlib_exit                            - Undefined Weak Reference
    __Vectors_Size                           0x00000188   Number         0  startup_stm32f405xx.o ABSOLUTE
    __Vectors                                0x08000000   Data           4  startup_stm32f405xx.o(RESET)
    __Vectors_End                            0x08000188   Data           0  startup_stm32f405xx.o(RESET)
    __main                                   0x08000189   Thumb Code     0  entry.o(.ARM.Collect$$$$00000000)
    _main_stk                                0x08000189   Thumb Code     0  entry2.o(.ARM.Collect$$$$00000001)
    _main_scatterload                        0x0800018d   Thumb Code     0  entry5.o(.ARM.Collect$$$$00000004)
    __main_after_scatterload                 0x08000191   Thumb Code     0  entry5.o(.ARM.Collect$$$$00000004)
    _main_clock                              0x08000191   Thumb Code     0  entry7b.o(.ARM.Collect$$$$00000008)
    _main_cpp_init                           0x08000191   Thumb Code     0  entry8b.o(.ARM.Collect$$$$0000000A)
    _main_init                               0x08000191   Thumb Code     0  entry9a.o(.ARM.Collect$$$$0000000B)
    __rt_final_cpp                           0x08000199   Thumb Code     0  entry10a.o(.ARM.Collect$$$$0000000D)
    __rt_final_exit                          0x08000199   Thumb Code     0  entry11a.o(.ARM.Collect$$$$0000000F)
    Reset_Handler                            0x0800019d   Thumb Code     8  startup_stm32f405xx.o(.text)
    ADC_IRQHandler                           0x080001b7   Thumb Code     0  startup_stm32f405xx.o(.text)
    CAN1_SCE_IRQHandler                      0x080001b7   Thumb Code     0  startup_stm32f405xx.o(.text)
    CAN1_TX_IRQHandler                       0x080001b7   Thumb Code     0  startup_stm32f405xx.o(.text)
    CAN2_RX0_IRQHandler                      0x080001b7   Thumb Code     0  startup_stm32f405xx.o(.text)
    CAN2_RX1_IRQHandler                      0x080001b7   Thumb Code     0  startup_stm32f405xx.o(.text)
    CAN2_SCE_IRQHandler                      0x080001b7   Thumb Code     0  startup_stm32f405xx.o(.text)
    CAN2_TX_IRQHandler                       0x080001b7   Thumb Code     0  startup_stm32f405xx.o(.text)
    DMA1_Stream0_IRQHandler                  0x080001b7   Thumb Code     0  startup_stm32f405xx.o(.text)
    DMA1_Stream1_IRQHandler                  0x080001b7   Thumb Code     0  startup_stm32f405xx.o(.text)
    DMA1_Stream2_IRQHandler                  0x080001b7   Thumb Code     0  startup_stm32f405xx.o(.text)
    DMA1_Stream3_IRQHandler                  0x080001b7   Thumb Code     0  startup_stm32f405xx.o(.text)
    DMA1_Stream4_IRQHandler                  0x080001b7   Thumb Code     0  startup_stm32f405xx.o(.text)
    DMA1_Stream5_IRQHandler                  0x080001b7   Thumb Code     0  startup_stm32f405xx.o(.text)
    DMA1_Stream6_IRQHandler                  0x080001b7   Thumb Code     0  startup_stm32f405xx.o(.text)
    DMA1_Stream7_IRQHandler                  0x080001b7   Thumb Code     0  startup_stm32f405xx.o(.text)
    DMA2_Stream0_IRQHandler                  0x080001b7   Thumb Code     0  startup_stm32f405xx.o(.text)
    DMA2_Stream1_IRQHandler                  0x080001b7   Thumb Code     0  startup_stm32f405xx.o(.text)
    DMA2_Stream2_IRQHandler                  0x080001b7   Thumb Code     0  startup_stm32f405xx.o(.text)
    DMA2_Stream3_IRQHandler                  0x080001b7   Thumb Code     0  startup_stm32f405xx.o(.text)
    DMA2_Stream4_IRQHandler                  0x080001b7   Thumb Code     0  startup_stm32f405xx.o(.text)
    DMA2_Stream5_IRQHandler                  0x080001b7   Thumb Code     0  startup_stm32f405xx.o(.text)
    DMA2_Stream6_IRQHandler                  0x080001b7   Thumb Code     0  startup_stm32f405xx.o(.text)
    DMA2_Stream7_IRQHandler                  0x080001b7   Thumb Code     0  startup_stm32f405xx.o(.text)
    EXTI0_IRQHandler                         0x080001b7   Thumb Code     0  startup_stm32f405xx.o(.text)
    EXTI15_10_IRQHandler                     0x080001b7   Thumb Code     0  startup_stm32f405xx.o(.text)
    EXTI1_IRQHandler                         0x080001b7   Thumb Code     0  startup_stm32f405xx.o(.text)
    EXTI2_IRQHandler                         0x080001b7   Thumb Code     0  startup_stm32f405xx.o(.text)
    EXTI3_IRQHandler                         0x080001b7   Thumb Code     0  startup_stm32f405xx.o(.text)
    EXTI4_IRQHandler                         0x080001b7   Thumb Code     0  startup_stm32f405xx.o(.text)
    EXTI9_5_IRQHandler                       0x080001b7   Thumb Code     0  startup_stm32f405xx.o(.text)
    FLASH_IRQHandler                         0x080001b7   Thumb Code     0  startup_stm32f405xx.o(.text)
    FMC_IRQHandler                           0x080001b7   Thumb Code     0  startup_stm32f405xx.o(.text)
    FPU_IRQHandler                           0x080001b7   Thumb Code     0  startup_stm32f405xx.o(.text)
    HASH_RNG_IRQHandler                      0x080001b7   Thumb Code     0  startup_stm32f405xx.o(.text)
    I2C1_ER_IRQHandler                       0x080001b7   Thumb Code     0  startup_stm32f405xx.o(.text)
    I2C1_EV_IRQHandler                       0x080001b7   Thumb Code     0  startup_stm32f405xx.o(.text)
    I2C2_ER_IRQHandler                       0x080001b7   Thumb Code     0  startup_stm32f405xx.o(.text)
    I2C2_EV_IRQHandler                       0x080001b7   Thumb Code     0  startup_stm32f405xx.o(.text)
    I2C3_ER_IRQHandler                       0x080001b7   Thumb Code     0  startup_stm32f405xx.o(.text)
    I2C3_EV_IRQHandler                       0x080001b7   Thumb Code     0  startup_stm32f405xx.o(.text)
    OTG_FS_IRQHandler                        0x080001b7   Thumb Code     0  startup_stm32f405xx.o(.text)
    OTG_FS_WKUP_IRQHandler                   0x080001b7   Thumb Code     0  startup_stm32f405xx.o(.text)
    OTG_HS_EP1_IN_IRQHandler                 0x080001b7   Thumb Code     0  startup_stm32f405xx.o(.text)
    OTG_HS_EP1_OUT_IRQHandler                0x080001b7   Thumb Code     0  startup_stm32f405xx.o(.text)
    OTG_HS_IRQHandler                        0x080001b7   Thumb Code     0  startup_stm32f405xx.o(.text)
    OTG_HS_WKUP_IRQHandler                   0x080001b7   Thumb Code     0  startup_stm32f405xx.o(.text)
    PVD_IRQHandler                           0x080001b7   Thumb Code     0  startup_stm32f405xx.o(.text)
    RCC_IRQHandler                           0x080001b7   Thumb Code     0  startup_stm32f405xx.o(.text)
    RTC_Alarm_IRQHandler                     0x080001b7   Thumb Code     0  startup_stm32f405xx.o(.text)
    RTC_WKUP_IRQHandler                      0x080001b7   Thumb Code     0  startup_stm32f405xx.o(.text)
    SDIO_IRQHandler                          0x080001b7   Thumb Code     0  startup_stm32f405xx.o(.text)
    SPI1_IRQHandler                          0x080001b7   Thumb Code     0  startup_stm32f405xx.o(.text)
    SPI2_IRQHandler                          0x080001b7   Thumb Code     0  startup_stm32f405xx.o(.text)
    SPI3_IRQHandler                          0x080001b7   Thumb Code     0  startup_stm32f405xx.o(.text)
    TAMP_STAMP_IRQHandler                    0x080001b7   Thumb Code     0  startup_stm32f405xx.o(.text)
    TIM1_BRK_TIM9_IRQHandler                 0x080001b7   Thumb Code     0  startup_stm32f405xx.o(.text)
    TIM1_CC_IRQHandler                       0x080001b7   Thumb Code     0  startup_stm32f405xx.o(.text)
    TIM1_TRG_COM_TIM11_IRQHandler            0x080001b7   Thumb Code     0  startup_stm32f405xx.o(.text)
    TIM1_UP_TIM10_IRQHandler                 0x080001b7   Thumb Code     0  startup_stm32f405xx.o(.text)
    TIM3_IRQHandler                          0x080001b7   Thumb Code     0  startup_stm32f405xx.o(.text)
    TIM4_IRQHandler                          0x080001b7   Thumb Code     0  startup_stm32f405xx.o(.text)
    TIM5_IRQHandler                          0x080001b7   Thumb Code     0  startup_stm32f405xx.o(.text)
    TIM6_DAC_IRQHandler                      0x080001b7   Thumb Code     0  startup_stm32f405xx.o(.text)
    TIM7_IRQHandler                          0x080001b7   Thumb Code     0  startup_stm32f405xx.o(.text)
    TIM8_BRK_TIM12_IRQHandler                0x080001b7   Thumb Code     0  startup_stm32f405xx.o(.text)
    TIM8_CC_IRQHandler                       0x080001b7   Thumb Code     0  startup_stm32f405xx.o(.text)
    TIM8_TRG_COM_TIM14_IRQHandler            0x080001b7   Thumb Code     0  startup_stm32f405xx.o(.text)
    TIM8_UP_TIM13_IRQHandler                 0x080001b7   Thumb Code     0  startup_stm32f405xx.o(.text)
    UART4_IRQHandler                         0x080001b7   Thumb Code     0  startup_stm32f405xx.o(.text)
    UART5_IRQHandler                         0x080001b7   Thumb Code     0  startup_stm32f405xx.o(.text)
    USART1_IRQHandler                        0x080001b7   Thumb Code     0  startup_stm32f405xx.o(.text)
    USART2_IRQHandler                        0x080001b7   Thumb Code     0  startup_stm32f405xx.o(.text)
    USART3_IRQHandler                        0x080001b7   Thumb Code     0  startup_stm32f405xx.o(.text)
    USART6_IRQHandler                        0x080001b7   Thumb Code     0  startup_stm32f405xx.o(.text)
    WWDG_IRQHandler                          0x080001b7   Thumb Code     0  startup_stm32f405xx.o(.text)
    __aeabi_uldivmod                         0x080001c1   Thumb Code    98  uldiv.o(.text)
    __aeabi_memcpy                           0x08000223   Thumb Code    36  memcpya.o(.text)
    __aeabi_memcpy4                          0x08000223   Thumb Code     0  memcpya.o(.text)
    __aeabi_memcpy8                          0x08000223   Thumb Code     0  memcpya.o(.text)
    __aeabi_memset                           0x08000247   Thumb Code    14  memseta.o(.text)
    __aeabi_memset4                          0x08000247   Thumb Code     0  memseta.o(.text)
    __aeabi_memset8                          0x08000247   Thumb Code     0  memseta.o(.text)
    __aeabi_memclr                           0x08000255   Thumb Code     4  memseta.o(.text)
    __aeabi_memclr4                          0x08000255   Thumb Code     0  memseta.o(.text)
    __aeabi_memclr8                          0x08000255   Thumb Code     0  memseta.o(.text)
    _memset$wrapper                          0x08000259   Thumb Code    18  memseta.o(.text)
    __aeabi_llsl                             0x0800026b   Thumb Code    30  llshl.o(.text)
    _ll_shift_l                              0x0800026b   Thumb Code     0  llshl.o(.text)
    __aeabi_llsr                             0x08000289   Thumb Code    32  llushr.o(.text)
    _ll_ushift_r                             0x08000289   Thumb Code     0  llushr.o(.text)
    __scatterload                            0x080002a9   Thumb Code    28  init.o(.text)
    __scatterload_rt2                        0x080002a9   Thumb Code     0  init.o(.text)
    BusFault_Handler                         0x080002cd   Thumb Code     2  stm32f4xx_it.o(i.BusFault_Handler)
    CAN1_RX0_IRQHandler                      0x080002d1   Thumb Code     6  stm32f4xx_it.o(i.CAN1_RX0_IRQHandler)
    CAN1_RX1_IRQHandler                      0x080002dd   Thumb Code     6  stm32f4xx_it.o(i.CAN1_RX1_IRQHandler)
    DebugMon_Handler                         0x080002e9   Thumb Code     2  stm32f4xx_it.o(i.DebugMon_Handler)
    Error_Handler                            0x080002eb   Thumb Code     4  main.o(i.Error_Handler)
    FLASH_If_Init                            0x080002f1   Thumb Code    14  flash_if.o(i.FLASH_If_Init)
    FLASH_If_Write                           0x08000305   Thumb Code    68  flash_if.o(i.FLASH_If_Write)
    FLASH_WaitForLastOperation               0x08000449   Thumb Code    72  stm32f4xx_hal_flash.o(i.FLASH_WaitForLastOperation)
    HAL_CAN_ActivateNotification             0x08000499   Thumb Code    36  stm32f4xx_hal_can.o(i.HAL_CAN_ActivateNotification)
    HAL_CAN_AddTxMessage                     0x080004bd   Thumb Code   200  stm32f4xx_hal_can.o(i.HAL_CAN_AddTxMessage)
    HAL_CAN_ConfigFilter                     0x08000585   Thumb Code   262  stm32f4xx_hal_can.o(i.HAL_CAN_ConfigFilter)
    HAL_CAN_ErrorCallback                    0x08000691   Thumb Code     2  stm32f4xx_hal_can.o(i.HAL_CAN_ErrorCallback)
    HAL_CAN_GetError                         0x08000693   Thumb Code     4  stm32f4xx_hal_can.o(i.HAL_CAN_GetError)
    HAL_CAN_GetRxMessage                     0x08000697   Thumb Code   232  stm32f4xx_hal_can.o(i.HAL_CAN_GetRxMessage)
    HAL_CAN_GetState                         0x0800077f   Thumb Code    36  stm32f4xx_hal_can.o(i.HAL_CAN_GetState)
    HAL_CAN_IRQHandler                       0x080007a3   Thumb Code   508  stm32f4xx_hal_can.o(i.HAL_CAN_IRQHandler)
    HAL_CAN_Init                             0x0800099f   Thumb Code   282  stm32f4xx_hal_can.o(i.HAL_CAN_Init)
    HAL_CAN_MspDeInit                        0x08000ab9   Thumb Code    48  can.o(i.HAL_CAN_MspDeInit)
    HAL_CAN_MspInit                          0x08000af5   Thumb Code   126  can.o(i.HAL_CAN_MspInit)
    HAL_CAN_ResetError                       0x08000b81   Thumb Code    34  stm32f4xx_hal_can.o(i.HAL_CAN_ResetError)
    HAL_CAN_RxFifo0FullCallback              0x08000ba3   Thumb Code     2  stm32f4xx_hal_can.o(i.HAL_CAN_RxFifo0FullCallback)
    HAL_CAN_RxFifo0MsgPendingCallback        0x08000ba5   Thumb Code    42  can.o(i.HAL_CAN_RxFifo0MsgPendingCallback)
    HAL_CAN_RxFifo1FullCallback              0x08000bcf   Thumb Code     2  stm32f4xx_hal_can.o(i.HAL_CAN_RxFifo1FullCallback)
    HAL_CAN_RxFifo1MsgPendingCallback        0x08000bd1   Thumb Code     2  stm32f4xx_hal_can.o(i.HAL_CAN_RxFifo1MsgPendingCallback)
    HAL_CAN_SleepCallback                    0x08000bd3   Thumb Code     2  stm32f4xx_hal_can.o(i.HAL_CAN_SleepCallback)
    HAL_CAN_Start                            0x08000bd5   Thumb Code    88  stm32f4xx_hal_can.o(i.HAL_CAN_Start)
    HAL_CAN_TxMailbox0AbortCallback          0x08000c2d   Thumb Code     2  stm32f4xx_hal_can.o(i.HAL_CAN_TxMailbox0AbortCallback)
    HAL_CAN_TxMailbox0CompleteCallback       0x08000c2f   Thumb Code     2  stm32f4xx_hal_can.o(i.HAL_CAN_TxMailbox0CompleteCallback)
    HAL_CAN_TxMailbox1AbortCallback          0x08000c31   Thumb Code     2  stm32f4xx_hal_can.o(i.HAL_CAN_TxMailbox1AbortCallback)
    HAL_CAN_TxMailbox1CompleteCallback       0x08000c33   Thumb Code     2  stm32f4xx_hal_can.o(i.HAL_CAN_TxMailbox1CompleteCallback)
    HAL_CAN_TxMailbox2AbortCallback          0x08000c35   Thumb Code     2  stm32f4xx_hal_can.o(i.HAL_CAN_TxMailbox2AbortCallback)
    HAL_CAN_TxMailbox2CompleteCallback       0x08000c37   Thumb Code     2  stm32f4xx_hal_can.o(i.HAL_CAN_TxMailbox2CompleteCallback)
    HAL_CAN_WakeUpFromRxMsgCallback          0x08000c39   Thumb Code     2  stm32f4xx_hal_can.o(i.HAL_CAN_WakeUpFromRxMsgCallback)
    HAL_DeInit                               0x08000c3d   Thumb Code    48  stm32f4xx_hal.o(i.HAL_DeInit)
    HAL_FLASH_Lock                           0x08000c71   Thumb Code    14  stm32f4xx_hal_flash.o(i.HAL_FLASH_Lock)
    HAL_FLASH_Program                        0x08000c85   Thumb Code   116  stm32f4xx_hal_flash.o(i.HAL_FLASH_Program)
    HAL_FLASH_Unlock                         0x08000d01   Thumb Code    32  stm32f4xx_hal_flash.o(i.HAL_FLASH_Unlock)
    HAL_GPIO_DeInit                          0x08000d2d   Thumb Code   320  stm32f4xx_hal_gpio.o(i.HAL_GPIO_DeInit)
    HAL_GPIO_Init                            0x08000e95   Thumb Code   450  stm32f4xx_hal_gpio.o(i.HAL_GPIO_Init)
    HAL_GetTick                              0x08001085   Thumb Code     6  stm32f4xx_hal.o(i.HAL_GetTick)
    HAL_IncTick                              0x08001091   Thumb Code    12  stm32f4xx_hal.o(i.HAL_IncTick)
    HAL_Init                                 0x080010a1   Thumb Code    48  stm32f4xx_hal.o(i.HAL_Init)
    HAL_InitTick                             0x080010d5   Thumb Code    54  stm32f4xx_hal.o(i.HAL_InitTick)
    HAL_MspDeInit                            0x08001115   Thumb Code     2  stm32f4xx_hal.o(i.HAL_MspDeInit)
    HAL_MspInit                              0x08001119   Thumb Code    42  stm32f4xx_hal_msp.o(i.HAL_MspInit)
    HAL_NVIC_ClearPendingIRQ                 0x08001149   Thumb Code    26  stm32f4xx_hal_cortex.o(i.HAL_NVIC_ClearPendingIRQ)
    HAL_NVIC_DisableIRQ                      0x08001163   Thumb Code    34  stm32f4xx_hal_cortex.o(i.HAL_NVIC_DisableIRQ)
    HAL_NVIC_EnableIRQ                       0x08001185   Thumb Code    26  stm32f4xx_hal_cortex.o(i.HAL_NVIC_EnableIRQ)
    HAL_NVIC_SetPriority                     0x080011a1   Thumb Code    60  stm32f4xx_hal_cortex.o(i.HAL_NVIC_SetPriority)
    HAL_NVIC_SetPriorityGrouping             0x080011e1   Thumb Code    26  stm32f4xx_hal_cortex.o(i.HAL_NVIC_SetPriorityGrouping)
    HAL_RCC_ClockConfig                      0x08001205   Thumb Code   288  stm32f4xx_hal_rcc.o(i.HAL_RCC_ClockConfig)
    HAL_RCC_GetPCLK1Freq                     0x08001339   Thumb Code    20  stm32f4xx_hal_rcc.o(i.HAL_RCC_GetPCLK1Freq)
    HAL_RCC_GetPCLK2Freq                     0x08001359   Thumb Code    20  stm32f4xx_hal_rcc.o(i.HAL_RCC_GetPCLK2Freq)
    HAL_RCC_GetSysClockFreq                  0x08001379   Thumb Code    88  stm32f4xx_hal_rcc.o(i.HAL_RCC_GetSysClockFreq)
    HAL_RCC_OscConfig                        0x080013d9   Thumb Code   856  stm32f4xx_hal_rcc.o(i.HAL_RCC_OscConfig)
    HAL_SYSTICK_Config                       0x08001745   Thumb Code    40  stm32f4xx_hal_cortex.o(i.HAL_SYSTICK_Config)
    HAL_TIMEx_BreakCallback                  0x0800176d   Thumb Code     2  stm32f4xx_hal_tim_ex.o(i.HAL_TIMEx_BreakCallback)
    HAL_TIMEx_CommutCallback                 0x0800176f   Thumb Code     2  stm32f4xx_hal_tim_ex.o(i.HAL_TIMEx_CommutCallback)
    HAL_TIMEx_MasterConfigSynchronization    0x08001771   Thumb Code   116  stm32f4xx_hal_tim_ex.o(i.HAL_TIMEx_MasterConfigSynchronization)
    HAL_TIM_Base_Init                        0x08001801   Thumb Code    90  stm32f4xx_hal_tim.o(i.HAL_TIM_Base_Init)
    HAL_TIM_Base_MspDeInit                   0x0800185d   Thumb Code    26  tim.o(i.HAL_TIM_Base_MspDeInit)
    HAL_TIM_Base_MspInit                     0x0800187d   Thumb Code    56  tim.o(i.HAL_TIM_Base_MspInit)
    HAL_TIM_Base_Start_IT                    0x080018bd   Thumb Code   100  stm32f4xx_hal_tim.o(i.HAL_TIM_Base_Start_IT)
    HAL_TIM_Base_Stop_IT                     0x0800193d   Thumb Code    48  stm32f4xx_hal_tim.o(i.HAL_TIM_Base_Stop_IT)
    HAL_TIM_ConfigClockSource                0x0800196d   Thumb Code   220  stm32f4xx_hal_tim.o(i.HAL_TIM_ConfigClockSource)
    HAL_TIM_IC_CaptureCallback               0x08001a49   Thumb Code     2  stm32f4xx_hal_tim.o(i.HAL_TIM_IC_CaptureCallback)
    HAL_TIM_IRQHandler                       0x08001a4b   Thumb Code   358  stm32f4xx_hal_tim.o(i.HAL_TIM_IRQHandler)
    HAL_TIM_OC_DelayElapsedCallback          0x08001bb1   Thumb Code     2  stm32f4xx_hal_tim.o(i.HAL_TIM_OC_DelayElapsedCallback)
    HAL_TIM_PWM_PulseFinishedCallback        0x08001bb3   Thumb Code     2  stm32f4xx_hal_tim.o(i.HAL_TIM_PWM_PulseFinishedCallback)
    HAL_TIM_PeriodElapsedCallback            0x08001bb5   Thumb Code    12  tim.o(i.HAL_TIM_PeriodElapsedCallback)
    HAL_TIM_TriggerCallback                  0x08001bc5   Thumb Code     2  stm32f4xx_hal_tim.o(i.HAL_TIM_TriggerCallback)
    HAL_UART_Init                            0x08001bc7   Thumb Code    98  stm32f4xx_hal_uart.o(i.HAL_UART_Init)
    HAL_UART_MspDeInit                       0x08001c29   Thumb Code    42  usart.o(i.HAL_UART_MspDeInit)
    HAL_UART_MspInit                         0x08001c65   Thumb Code   118  usart.o(i.HAL_UART_MspInit)
    HAL_UART_Transmit                        0x08001ced   Thumb Code   178  stm32f4xx_hal_uart.o(i.HAL_UART_Transmit)
    HardFault_Handler                        0x08001d9f   Thumb Code     2  stm32f4xx_it.o(i.HardFault_Handler)
    Jump2APP                                 0x08001da1   Thumb Code    14  flash_if.o(i.Jump2APP)
    MX_CAN1_Init                             0x08001db5   Thumb Code   106  can.o(i.MX_CAN1_Init)
    MX_GPIO_Init                             0x08001e29   Thumb Code    54  gpio.o(i.MX_GPIO_Init)
    MX_TIM2_Init                             0x08001e65   Thumb Code   100  tim.o(i.MX_TIM2_Init)
    MX_UART5_Init                            0x08001ecd   Thumb Code    48  usart.o(i.MX_UART5_Init)
    MemManage_Handler                        0x08001f05   Thumb Code     2  stm32f4xx_it.o(i.MemManage_Handler)
    NMI_Handler                              0x08001f07   Thumb Code     2  stm32f4xx_it.o(i.NMI_Handler)
    PendSV_Handler                           0x08001f09   Thumb Code     2  stm32f4xx_it.o(i.PendSV_Handler)
    SVC_Handler                              0x08001f0b   Thumb Code     2  stm32f4xx_it.o(i.SVC_Handler)
    SysTick_Handler                          0x08001f0d   Thumb Code     4  stm32f4xx_it.o(i.SysTick_Handler)
    SystemClock_Config                       0x08001f11   Thumb Code   136  main.o(i.SystemClock_Config)
    SystemInit                               0x08001fa1   Thumb Code    22  system_stm32f4xx.o(i.SystemInit)
    TIM2_IRQHandler                          0x08001fbd   Thumb Code     6  stm32f4xx_it.o(i.TIM2_IRQHandler)
    TIM_Base_SetConfig                       0x08001fc9   Thumb Code   156  stm32f4xx_hal_tim.o(i.TIM_Base_SetConfig)
    TIM_ETR_SetConfig                        0x08002091   Thumb Code    20  stm32f4xx_hal_tim.o(i.TIM_ETR_SetConfig)
    UsageFault_Handler                       0x08002281   Thumb Code     2  stm32f4xx_it.o(i.UsageFault_Handler)
    __0printf$5                              0x08002285   Thumb Code    22  printf5.o(i.__0printf$5)
    __1printf$5                              0x08002285   Thumb Code     0  printf5.o(i.__0printf$5)
    __2printf                                0x08002285   Thumb Code     0  printf5.o(i.__0printf$5)
    __scatterload_copy                       0x080022c5   Thumb Code    14  handlers.o(i.__scatterload_copy)
    __scatterload_null                       0x080022d3   Thumb Code     2  handlers.o(i.__scatterload_null)
    __scatterload_zeroinit                   0x080022d5   Thumb Code    14  handlers.o(i.__scatterload_zeroinit)
    crc16_calc                               0x080025a5   Thumb Code    48  lib_crc.o(i.crc16_calc)
    fputc                                    0x080025d5   Thumb Code    20  usart.o(i.fputc)
    hcan_ack_fc_notify                       0x080025ed   Thumb Code     4  hcan.o(i.hcan_ack_fc_notify)
    hcan_add_single_frame_list               0x080025f1   Thumb Code   194  hcan_single_frame.o(i.hcan_add_single_frame_list)
    hcan_driver_fault_reset                  0x08002921   Thumb Code    32  can.o(i.hcan_driver_fault_reset)
    hcan_driver_hw_init                      0x08002945   Thumb Code    76  can.o(i.hcan_driver_hw_init)
    hcan_driver_query_bus_status             0x08002995   Thumb Code    28  can.o(i.hcan_driver_query_bus_status)
    hcan_driver_send_multi_frame             0x080029c1   Thumb Code    58  can.o(i.hcan_driver_send_multi_frame)
    hcan_driver_send_single_frame            0x08002a19   Thumb Code    80  can.o(i.hcan_driver_send_single_frame)
    hcan_hw_frame_recv                       0x08002dbd   Thumb Code   116  hcan.o(i.hcan_hw_frame_recv)
    hcan_init                                0x08002e39   Thumb Code    32  hcan.o(i.hcan_init)
    hcan_loop                                0x08002e5d   Thumb Code    30  hcan.o(i.hcan_loop)
    hcan_msg_error_handle_notify             0x08002e7b   Thumb Code     4  hcan.o(i.hcan_msg_error_handle_notify)
    hcan_msg_recv_notify                     0x08002e81   Thumb Code   162  hcan.o(i.hcan_msg_recv_notify)
    hcan_multi_frame_handle_init             0x08002fa5   Thumb Code    32  hcan_muti_frame.o(i.hcan_multi_frame_handle_init)
    hcan_multi_frame_recv_handle             0x08002fd1   Thumb Code    54  hcan_muti_frame.o(i.hcan_multi_frame_recv_handle)
    hcan_multi_frame_timer_handle            0x08003009   Thumb Code   166  hcan_muti_frame.o(i.hcan_multi_frame_timer_handle)
    hcan_multi_frame_transmit                0x080030b9   Thumb Code   180  hcan_muti_frame.o(i.hcan_multi_frame_transmit)
    hcan_single_frame_handle_init            0x08003175   Thumb Code    32  hcan_single_frame.o(i.hcan_single_frame_handle_init)
    hcan_single_frame_recv_handle            0x08003199   Thumb Code   116  hcan_single_frame.o(i.hcan_single_frame_recv_handle)
    hcan_single_frame_timer_handle           0x0800320d   Thumb Code    78  hcan_single_frame.o(i.hcan_single_frame_timer_handle)
    hcan_single_frame_transmit               0x08003261   Thumb Code   186  hcan_single_frame.o(i.hcan_single_frame_transmit)
    list_count                               0x08003321   Thumb Code    22  lib_list.o(i.list_count)
    list_delete                              0x08003337   Thumb Code    38  lib_list.o(i.list_delete)
    list_init                                0x0800335d   Thumb Code    10  lib_list.o(i.list_init)
    list_insert                              0x08003367   Thumb Code    30  lib_list.o(i.list_insert)
    main                                     0x08003385   Thumb Code   168  main.o(i.main)
    AHBPrescTable                            0x08003488   Data          16  system_stm32f4xx.o(.constdata)
    APBPrescTable                            0x08003498   Data           8  system_stm32f4xx.o(.constdata)
    Region$$Table$$Base                      0x080034a0   Number         0  anon$$obj.o(Region$$Table)
    Region$$Table$$Limit                     0x080034c0   Number         0  anon$$obj.o(Region$$Table)
    jump_flag                                0x20000000   Data           1  main.o(.data)
    JumpToApplication                        0x20000004   Data           4  flash_if.o(.data)
    uwTickFreq                               0x20000008   Data           1  stm32f4xx_hal.o(.data)
    uwTickPrio                               0x2000000c   Data           4  stm32f4xx_hal.o(.data)
    uwTick                                   0x20000010   Data           4  stm32f4xx_hal.o(.data)
    SystemCoreClock                          0x20000014   Data           4  system_stm32f4xx.o(.data)
    __stdout                                 0x20000028   Data           4  stdout.o(.data)
    hcan1                                    0x2000002c   Data          40  can.o(.bss)
    htim2                                    0x20000054   Data          72  tim.o(.bss)
    huart5                                   0x2000009c   Data          68  usart.o(.bss)
    pFlash                                   0x200000e0   Data          32  stm32f4xx_hal_flash.o(.bss)
    __initial_sp                             0x20002bd0   Data           0  startup_stm32f405xx.o(STACK)



==============================================================================

Memory Map of the image

  Image Entry point : 0x08000189

  Load Region LR_IROM1 (Base: 0x08000000, Size: 0x000034ec, Max: 0x00100000, ABSOLUTE)

    Execution Region ER_IROM1 (Exec base: 0x08000000, Load base: 0x08000000, Size: 0x000034c0, Max: 0x00100000, ABSOLUTE)

    Exec Addr    Load Addr    Size         Type   Attr      Idx    E Section Name        Object

    0x08000000   0x08000000   0x00000188   Data   RO            3    RESET               startup_stm32f405xx.o
    0x08000188   0x08000188   0x00000000   Code   RO         3662  * .ARM.Collect$$$$00000000  mc_w.l(entry.o)
    0x08000188   0x08000188   0x00000004   Code   RO         3934    .ARM.Collect$$$$00000001  mc_w.l(entry2.o)
    0x0800018c   0x0800018c   0x00000004   Code   RO         3937    .ARM.Collect$$$$00000004  mc_w.l(entry5.o)
    0x08000190   0x08000190   0x00000000   Code   RO         3939    .ARM.Collect$$$$00000008  mc_w.l(entry7b.o)
    0x08000190   0x08000190   0x00000000   Code   RO         3941    .ARM.Collect$$$$0000000A  mc_w.l(entry8b.o)
    0x08000190   0x08000190   0x00000008   Code   RO         3942    .ARM.Collect$$$$0000000B  mc_w.l(entry9a.o)
    0x08000198   0x08000198   0x00000000   Code   RO         3944    .ARM.Collect$$$$0000000D  mc_w.l(entry10a.o)
    0x08000198   0x08000198   0x00000000   Code   RO         3946    .ARM.Collect$$$$0000000F  mc_w.l(entry11a.o)
    0x08000198   0x08000198   0x00000004   Code   RO         3935    .ARM.Collect$$$$00002712  mc_w.l(entry2.o)
    0x0800019c   0x0800019c   0x00000024   Code   RO            4    .text               startup_stm32f405xx.o
    0x080001c0   0x080001c0   0x00000062   Code   RO         3665    .text               mc_w.l(uldiv.o)
    0x08000222   0x08000222   0x00000024   Code   RO         3667    .text               mc_w.l(memcpya.o)
    0x08000246   0x08000246   0x00000024   Code   RO         3669    .text               mc_w.l(memseta.o)
    0x0800026a   0x0800026a   0x0000001e   Code   RO         3951    .text               mc_w.l(llshl.o)
    0x08000288   0x08000288   0x00000020   Code   RO         3953    .text               mc_w.l(llushr.o)
    0x080002a8   0x080002a8   0x00000024   Code   RO         3966    .text               mc_w.l(init.o)
    0x080002cc   0x080002cc   0x00000002   Code   RO          378    i.BusFault_Handler  stm32f4xx_it.o
    0x080002ce   0x080002ce   0x00000002   PAD
    0x080002d0   0x080002d0   0x0000000c   Code   RO          379    i.CAN1_RX0_IRQHandler  stm32f4xx_it.o
    0x080002dc   0x080002dc   0x0000000c   Code   RO          380    i.CAN1_RX1_IRQHandler  stm32f4xx_it.o
    0x080002e8   0x080002e8   0x00000002   Code   RO          381    i.DebugMon_Handler  stm32f4xx_it.o
    0x080002ea   0x080002ea   0x00000004   Code   RO           13    i.Error_Handler     main.o
    0x080002ee   0x080002ee   0x00000002   PAD
    0x080002f0   0x080002f0   0x00000014   Code   RO          543    i.FLASH_If_Init     flash_if.o
    0x08000304   0x08000304   0x00000048   Code   RO          544    i.FLASH_If_Write    flash_if.o
    0x0800034c   0x0800034c   0x00000020   Code   RO          996    i.FLASH_Program_Byte  stm32f4xx_hal_flash.o
    0x0800036c   0x0800036c   0x0000002c   Code   RO          997    i.FLASH_Program_DoubleWord  stm32f4xx_hal_flash.o
    0x08000398   0x08000398   0x00000024   Code   RO          998    i.FLASH_Program_HalfWord  stm32f4xx_hal_flash.o
    0x080003bc   0x080003bc   0x00000024   Code   RO          999    i.FLASH_Program_Word  stm32f4xx_hal_flash.o
    0x080003e0   0x080003e0   0x00000068   Code   RO         1000    i.FLASH_SetErrorCode  stm32f4xx_hal_flash.o
    0x08000448   0x08000448   0x00000050   Code   RO         1001    i.FLASH_WaitForLastOperation  stm32f4xx_hal_flash.o
    0x08000498   0x08000498   0x00000024   Code   RO          607    i.HAL_CAN_ActivateNotification  stm32f4xx_hal_can.o
    0x080004bc   0x080004bc   0x000000c8   Code   RO          608    i.HAL_CAN_AddTxMessage  stm32f4xx_hal_can.o
    0x08000584   0x08000584   0x0000010c   Code   RO          609    i.HAL_CAN_ConfigFilter  stm32f4xx_hal_can.o
    0x08000690   0x08000690   0x00000002   Code   RO          612    i.HAL_CAN_ErrorCallback  stm32f4xx_hal_can.o
    0x08000692   0x08000692   0x00000004   Code   RO          613    i.HAL_CAN_GetError  stm32f4xx_hal_can.o
    0x08000696   0x08000696   0x000000e8   Code   RO          615    i.HAL_CAN_GetRxMessage  stm32f4xx_hal_can.o
    0x0800077e   0x0800077e   0x00000024   Code   RO          616    i.HAL_CAN_GetState  stm32f4xx_hal_can.o
    0x080007a2   0x080007a2   0x000001fc   Code   RO          619    i.HAL_CAN_IRQHandler  stm32f4xx_hal_can.o
    0x0800099e   0x0800099e   0x0000011a   Code   RO          620    i.HAL_CAN_Init      stm32f4xx_hal_can.o
    0x08000ab8   0x08000ab8   0x0000003c   Code   RO          204    i.HAL_CAN_MspDeInit  can.o
    0x08000af4   0x08000af4   0x0000008c   Code   RO          205    i.HAL_CAN_MspInit   can.o
    0x08000b80   0x08000b80   0x00000022   Code   RO          626    i.HAL_CAN_ResetError  stm32f4xx_hal_can.o
    0x08000ba2   0x08000ba2   0x00000002   Code   RO          627    i.HAL_CAN_RxFifo0FullCallback  stm32f4xx_hal_can.o
    0x08000ba4   0x08000ba4   0x0000002a   Code   RO          206    i.HAL_CAN_RxFifo0MsgPendingCallback  can.o
    0x08000bce   0x08000bce   0x00000002   Code   RO          629    i.HAL_CAN_RxFifo1FullCallback  stm32f4xx_hal_can.o
    0x08000bd0   0x08000bd0   0x00000002   Code   RO          630    i.HAL_CAN_RxFifo1MsgPendingCallback  stm32f4xx_hal_can.o
    0x08000bd2   0x08000bd2   0x00000002   Code   RO          631    i.HAL_CAN_SleepCallback  stm32f4xx_hal_can.o
    0x08000bd4   0x08000bd4   0x00000058   Code   RO          632    i.HAL_CAN_Start     stm32f4xx_hal_can.o
    0x08000c2c   0x08000c2c   0x00000002   Code   RO          634    i.HAL_CAN_TxMailbox0AbortCallback  stm32f4xx_hal_can.o
    0x08000c2e   0x08000c2e   0x00000002   Code   RO          635    i.HAL_CAN_TxMailbox0CompleteCallback  stm32f4xx_hal_can.o
    0x08000c30   0x08000c30   0x00000002   Code   RO          636    i.HAL_CAN_TxMailbox1AbortCallback  stm32f4xx_hal_can.o
    0x08000c32   0x08000c32   0x00000002   Code   RO          637    i.HAL_CAN_TxMailbox1CompleteCallback  stm32f4xx_hal_can.o
    0x08000c34   0x08000c34   0x00000002   Code   RO          638    i.HAL_CAN_TxMailbox2AbortCallback  stm32f4xx_hal_can.o
    0x08000c36   0x08000c36   0x00000002   Code   RO          639    i.HAL_CAN_TxMailbox2CompleteCallback  stm32f4xx_hal_can.o
    0x08000c38   0x08000c38   0x00000002   Code   RO          641    i.HAL_CAN_WakeUpFromRxMsgCallback  stm32f4xx_hal_can.o
    0x08000c3a   0x08000c3a   0x00000002   PAD
    0x08000c3c   0x08000c3c   0x00000034   Code   RO         1720    i.HAL_DeInit        stm32f4xx_hal.o
    0x08000c70   0x08000c70   0x00000014   Code   RO         1005    i.HAL_FLASH_Lock    stm32f4xx_hal_flash.o
    0x08000c84   0x08000c84   0x0000007c   Code   RO         1010    i.HAL_FLASH_Program  stm32f4xx_hal_flash.o
    0x08000d00   0x08000d00   0x0000002c   Code   RO         1012    i.HAL_FLASH_Unlock  stm32f4xx_hal_flash.o
    0x08000d2c   0x08000d2c   0x00000168   Code   RO         1192    i.HAL_GPIO_DeInit   stm32f4xx_hal_gpio.o
    0x08000e94   0x08000e94   0x000001f0   Code   RO         1195    i.HAL_GPIO_Init     stm32f4xx_hal_gpio.o
    0x08001084   0x08001084   0x0000000c   Code   RO         1727    i.HAL_GetTick       stm32f4xx_hal.o
    0x08001090   0x08001090   0x00000010   Code   RO         1733    i.HAL_IncTick       stm32f4xx_hal.o
    0x080010a0   0x080010a0   0x00000034   Code   RO         1734    i.HAL_Init          stm32f4xx_hal.o
    0x080010d4   0x080010d4   0x00000040   Code   RO         1735    i.HAL_InitTick      stm32f4xx_hal.o
    0x08001114   0x08001114   0x00000002   Code   RO         1736    i.HAL_MspDeInit     stm32f4xx_hal.o
    0x08001116   0x08001116   0x00000002   PAD
    0x08001118   0x08001118   0x00000030   Code   RO          472    i.HAL_MspInit       stm32f4xx_hal_msp.o
    0x08001148   0x08001148   0x0000001a   Code   RO         1582    i.HAL_NVIC_ClearPendingIRQ  stm32f4xx_hal_cortex.o
    0x08001162   0x08001162   0x00000022   Code   RO         1583    i.HAL_NVIC_DisableIRQ  stm32f4xx_hal_cortex.o
    0x08001184   0x08001184   0x0000001a   Code   RO         1584    i.HAL_NVIC_EnableIRQ  stm32f4xx_hal_cortex.o
    0x0800119e   0x0800119e   0x00000002   PAD
    0x080011a0   0x080011a0   0x00000040   Code   RO         1590    i.HAL_NVIC_SetPriority  stm32f4xx_hal_cortex.o
    0x080011e0   0x080011e0   0x00000024   Code   RO         1591    i.HAL_NVIC_SetPriorityGrouping  stm32f4xx_hal_cortex.o
    0x08001204   0x08001204   0x00000134   Code   RO          841    i.HAL_RCC_ClockConfig  stm32f4xx_hal_rcc.o
    0x08001338   0x08001338   0x00000020   Code   RO          848    i.HAL_RCC_GetPCLK1Freq  stm32f4xx_hal_rcc.o
    0x08001358   0x08001358   0x00000020   Code   RO          849    i.HAL_RCC_GetPCLK2Freq  stm32f4xx_hal_rcc.o
    0x08001378   0x08001378   0x00000060   Code   RO          850    i.HAL_RCC_GetSysClockFreq  stm32f4xx_hal_rcc.o
    0x080013d8   0x080013d8   0x0000036c   Code   RO          853    i.HAL_RCC_OscConfig  stm32f4xx_hal_rcc.o
    0x08001744   0x08001744   0x00000028   Code   RO         1595    i.HAL_SYSTICK_Config  stm32f4xx_hal_cortex.o
    0x0800176c   0x0800176c   0x00000002   Code   RO         2678    i.HAL_TIMEx_BreakCallback  stm32f4xx_hal_tim_ex.o
    0x0800176e   0x0800176e   0x00000002   Code   RO         2679    i.HAL_TIMEx_CommutCallback  stm32f4xx_hal_tim_ex.o
    0x08001770   0x08001770   0x00000090   Code   RO         2697    i.HAL_TIMEx_MasterConfigSynchronization  stm32f4xx_hal_tim_ex.o
    0x08001800   0x08001800   0x0000005a   Code   RO         1974    i.HAL_TIM_Base_Init  stm32f4xx_hal_tim.o
    0x0800185a   0x0800185a   0x00000002   PAD
    0x0800185c   0x0800185c   0x00000020   Code   RO          282    i.HAL_TIM_Base_MspDeInit  tim.o
    0x0800187c   0x0800187c   0x00000040   Code   RO          283    i.HAL_TIM_Base_MspInit  tim.o
    0x080018bc   0x080018bc   0x00000080   Code   RO         1979    i.HAL_TIM_Base_Start_IT  stm32f4xx_hal_tim.o
    0x0800193c   0x0800193c   0x00000030   Code   RO         1982    i.HAL_TIM_Base_Stop_IT  stm32f4xx_hal_tim.o
    0x0800196c   0x0800196c   0x000000dc   Code   RO         1983    i.HAL_TIM_ConfigClockSource  stm32f4xx_hal_tim.o
    0x08001a48   0x08001a48   0x00000002   Code   RO         2008    i.HAL_TIM_IC_CaptureCallback  stm32f4xx_hal_tim.o
    0x08001a4a   0x08001a4a   0x00000166   Code   RO         2022    i.HAL_TIM_IRQHandler  stm32f4xx_hal_tim.o
    0x08001bb0   0x08001bb0   0x00000002   Code   RO         2025    i.HAL_TIM_OC_DelayElapsedCallback  stm32f4xx_hal_tim.o
    0x08001bb2   0x08001bb2   0x00000002   Code   RO         2052    i.HAL_TIM_PWM_PulseFinishedCallback  stm32f4xx_hal_tim.o
    0x08001bb4   0x08001bb4   0x00000010   Code   RO          284    i.HAL_TIM_PeriodElapsedCallback  tim.o
    0x08001bc4   0x08001bc4   0x00000002   Code   RO         2065    i.HAL_TIM_TriggerCallback  stm32f4xx_hal_tim.o
    0x08001bc6   0x08001bc6   0x00000062   Code   RO         2974    i.HAL_UART_Init     stm32f4xx_hal_uart.o
    0x08001c28   0x08001c28   0x0000003c   Code   RO          330    i.HAL_UART_MspDeInit  usart.o
    0x08001c64   0x08001c64   0x00000088   Code   RO          331    i.HAL_UART_MspInit  usart.o
    0x08001cec   0x08001cec   0x000000b2   Code   RO         2982    i.HAL_UART_Transmit  stm32f4xx_hal_uart.o
    0x08001d9e   0x08001d9e   0x00000002   Code   RO          382    i.HardFault_Handler  stm32f4xx_it.o
    0x08001da0   0x08001da0   0x00000014   Code   RO          547    i.Jump2APP          flash_if.o
    0x08001db4   0x08001db4   0x00000074   Code   RO          207    i.MX_CAN1_Init      can.o
    0x08001e28   0x08001e28   0x0000003c   Code   RO          180    i.MX_GPIO_Init      gpio.o
    0x08001e64   0x08001e64   0x00000068   Code   RO          285    i.MX_TIM2_Init      tim.o
    0x08001ecc   0x08001ecc   0x00000038   Code   RO          332    i.MX_UART5_Init     usart.o
    0x08001f04   0x08001f04   0x00000002   Code   RO          383    i.MemManage_Handler  stm32f4xx_it.o
    0x08001f06   0x08001f06   0x00000002   Code   RO          384    i.NMI_Handler       stm32f4xx_it.o
    0x08001f08   0x08001f08   0x00000002   Code   RO          385    i.PendSV_Handler    stm32f4xx_it.o
    0x08001f0a   0x08001f0a   0x00000002   Code   RO          386    i.SVC_Handler       stm32f4xx_it.o
    0x08001f0c   0x08001f0c   0x00000004   Code   RO          387    i.SysTick_Handler   stm32f4xx_it.o
    0x08001f10   0x08001f10   0x00000090   Code   RO           14    i.SystemClock_Config  main.o
    0x08001fa0   0x08001fa0   0x0000001c   Code   RO         3303    i.SystemInit        system_stm32f4xx.o
    0x08001fbc   0x08001fbc   0x0000000c   Code   RO          388    i.TIM2_IRQHandler   stm32f4xx_it.o
    0x08001fc8   0x08001fc8   0x000000c8   Code   RO         2067    i.TIM_Base_SetConfig  stm32f4xx_hal_tim.o
    0x08002090   0x08002090   0x00000014   Code   RO         2078    i.TIM_ETR_SetConfig  stm32f4xx_hal_tim.o
    0x080020a4   0x080020a4   0x00000010   Code   RO         2079    i.TIM_ITRx_SetConfig  stm32f4xx_hal_tim.o
    0x080020b4   0x080020b4   0x00000022   Code   RO         2085    i.TIM_TI1_ConfigInputStage  stm32f4xx_hal_tim.o
    0x080020d6   0x080020d6   0x00000024   Code   RO         2087    i.TIM_TI2_ConfigInputStage  stm32f4xx_hal_tim.o
    0x080020fa   0x080020fa   0x00000002   PAD
    0x080020fc   0x080020fc   0x0000010c   Code   RO         3000    i.UART_SetConfig    stm32f4xx_hal_uart.o
    0x08002208   0x08002208   0x00000078   Code   RO         3003    i.UART_WaitOnFlagUntilTimeout  stm32f4xx_hal_uart.o
    0x08002280   0x08002280   0x00000002   Code   RO          389    i.UsageFault_Handler  stm32f4xx_it.o
    0x08002282   0x08002282   0x00000002   PAD
    0x08002284   0x08002284   0x00000020   Code   RO         3806    i.__0printf$5       mc_w.l(printf5.o)
    0x080022a4   0x080022a4   0x00000020   Code   RO         1597    i.__NVIC_SetPriority  stm32f4xx_hal_cortex.o
    0x080022c4   0x080022c4   0x0000000e   Code   RO         3974    i.__scatterload_copy  mc_w.l(handlers.o)
    0x080022d2   0x080022d2   0x00000002   Code   RO         3975    i.__scatterload_null  mc_w.l(handlers.o)
    0x080022d4   0x080022d4   0x0000000e   Code   RO         3976    i.__scatterload_zeroinit  mc_w.l(handlers.o)
    0x080022e2   0x080022e2   0x00000002   PAD
    0x080022e4   0x080022e4   0x000002c0   Code   RO         3813    i._printf_core      mc_w.l(printf5.o)
    0x080025a4   0x080025a4   0x00000030   Code   RO         3591    i.crc16_calc        lib_crc.o
    0x080025d4   0x080025d4   0x00000018   Code   RO          333    i.fputc             usart.o
    0x080025ec   0x080025ec   0x00000004   Code   RO         3514    i.hcan_ack_fc_notify  hcan.o
    0x080025f0   0x080025f0   0x000000cc   Code   RO         3442    i.hcan_add_single_frame_list  hcan_single_frame.o
    0x080026bc   0x080026bc   0x00000088   Code   RO         3340    i.hcan_adjust_send_parameter  hcan_muti_frame.o
    0x08002744   0x08002744   0x00000046   Code   RO         3341    i.hcan_can_send_flow_control_frame  hcan_muti_frame.o
    0x0800278a   0x0800278a   0x00000002   PAD
    0x0800278c   0x0800278c   0x00000128   Code   RO         3342    i.hcan_continuous_frame_transmit  hcan_muti_frame.o
    0x080028b4   0x080028b4   0x0000006c   Code   RO         3443    i.hcan_delete_resend_frame  hcan_single_frame.o
    0x08002920   0x08002920   0x00000024   Code   RO          208    i.hcan_driver_fault_reset  can.o
    0x08002944   0x08002944   0x00000050   Code   RO          209    i.hcan_driver_hw_init  can.o
    0x08002994   0x08002994   0x0000002c   Code   RO          210    i.hcan_driver_query_bus_status  can.o
    0x080029c0   0x080029c0   0x00000058   Code   RO          211    i.hcan_driver_send_multi_frame  can.o
    0x08002a18   0x08002a18   0x0000006c   Code   RO          212    i.hcan_driver_send_single_frame  can.o
    0x08002a84   0x08002a84   0x00000074   Code   RO         3515    i.hcan_frame_recv_handle  hcan.o
    0x08002af8   0x08002af8   0x000000c8   Code   RO         3343    i.hcan_handle_flow_control  hcan_muti_frame.o
    0x08002bc0   0x08002bc0   0x00000130   Code   RO         3344    i.hcan_handle_recv_continuous_frame  hcan_muti_frame.o
    0x08002cf0   0x08002cf0   0x00000074   Code   RO         3345    i.hcan_handle_recv_first_frame  hcan_muti_frame.o
    0x08002d64   0x08002d64   0x00000058   Code   RO         3516    i.hcan_hw_bus_off_handle  hcan.o
    0x08002dbc   0x08002dbc   0x0000007c   Code   RO         3517    i.hcan_hw_frame_recv  hcan.o
    0x08002e38   0x08002e38   0x00000024   Code   RO         3518    i.hcan_init         hcan.o
    0x08002e5c   0x08002e5c   0x0000001e   Code   RO         3520    i.hcan_loop         hcan.o
    0x08002e7a   0x08002e7a   0x00000004   Code   RO         3521    i.hcan_msg_error_handle_notify  hcan.o
    0x08002e7e   0x08002e7e   0x00000002   PAD
    0x08002e80   0x08002e80   0x00000124   Code   RO         3522    i.hcan_msg_recv_notify  hcan.o
    0x08002fa4   0x08002fa4   0x0000002c   Code   RO         3347    i.hcan_multi_frame_handle_init  hcan_muti_frame.o
    0x08002fd0   0x08002fd0   0x00000036   Code   RO         3348    i.hcan_multi_frame_recv_handle  hcan_muti_frame.o
    0x08003006   0x08003006   0x00000002   PAD
    0x08003008   0x08003008   0x000000b0   Code   RO         3349    i.hcan_multi_frame_timer_handle  hcan_muti_frame.o
    0x080030b8   0x080030b8   0x000000bc   Code   RO         3350    i.hcan_multi_frame_transmit  hcan_muti_frame.o
    0x08003174   0x08003174   0x00000024   Code   RO         3444    i.hcan_single_frame_handle_init  hcan_single_frame.o
    0x08003198   0x08003198   0x00000074   Code   RO         3445    i.hcan_single_frame_recv_handle  hcan_single_frame.o
    0x0800320c   0x0800320c   0x00000054   Code   RO         3446    i.hcan_single_frame_timer_handle  hcan_single_frame.o
    0x08003260   0x08003260   0x000000c0   Code   RO         3447    i.hcan_single_frame_transmit  hcan_single_frame.o
    0x08003320   0x08003320   0x00000016   Code   RO         3617    i.list_count        lib_list.o
    0x08003336   0x08003336   0x00000026   Code   RO         3618    i.list_delete       lib_list.o
    0x0800335c   0x0800335c   0x0000000a   Code   RO         3619    i.list_init         lib_list.o
    0x08003366   0x08003366   0x0000001e   Code   RO         3620    i.list_insert       lib_list.o
    0x08003384   0x08003384   0x00000104   Code   RO           15    i.main              main.o
    0x08003488   0x08003488   0x00000010   Data   RO         3304    .constdata          system_stm32f4xx.o
    0x08003498   0x08003498   0x00000008   Data   RO         3305    .constdata          system_stm32f4xx.o
    0x080034a0   0x080034a0   0x00000020   Data   RO         3972    Region$$Table       anon$$obj.o


    Execution Region RW_IRAM2 (Exec base: 0x10000000, Load base: 0x080034ec, Size: 0x00000000, Max: 0x00010000, ABSOLUTE)

    **** No section assigned to this execution region ****


    Execution Region RW_IRAM1 (Exec base: 0x20000000, Load base: 0x080034c0, Size: 0x00002bd0, Max: 0x00020000, ABSOLUTE)

    Exec Addr    Load Addr    Size         Type   Attr      Idx    E Section Name        Object

    0x20000000   0x080034c0   0x00000001   Data   RW           16    .data               main.o
    0x20000001   0x080034c1   0x00000003   PAD
    0x20000004   0x080034c4   0x00000004   Data   RW          548    .data               flash_if.o
    0x20000008   0x080034c8   0x0000000c   Data   RW         1741    .data               stm32f4xx_hal.o
    0x20000014   0x080034d4   0x00000004   Data   RW         3306    .data               system_stm32f4xx.o
    0x20000018   0x080034d8   0x00000002   Data   RW         3354    .data               hcan_muti_frame.o
    0x2000001a   0x080034da   0x00000001   Data   RW         3450    .data               hcan_single_frame.o
    0x2000001b   0x080034db   0x00000001   PAD
    0x2000001c   0x080034dc   0x0000000c   Data   RW         3525    .data               hcan.o
    0x20000028   0x080034e8   0x00000004   Data   RW         3948    .data               mc_w.l(stdout.o)
    0x2000002c        -       0x00000028   Zero   RW          213    .bss                can.o
    0x20000054        -       0x00000048   Zero   RW          286    .bss                tim.o
    0x2000009c        -       0x00000044   Zero   RW          334    .bss                usart.o
    0x200000e0        -       0x00000020   Zero   RW         1013    .bss                stm32f4xx_hal_flash.o
    0x20000100        -       0x00000874   Zero   RW         3353    .bss                hcan_muti_frame.o
    0x20000974        -       0x0000005c   Zero   RW         3449    .bss                hcan_single_frame.o
    0x200009d0        -       0x00001e00   Zero   RW         3524    .bss                hcan.o
    0x200027d0        -       0x00000400   Zero   RW            1    STACK               startup_stm32f405xx.o


==============================================================================

Image component sizes


      Code (inc. data)   RO Data    RW Data    ZI Data      Debug   Object Name

       714        118          0          0         40       6319   can.o
       112         16          0          4          0       7484   flash_if.o
        60          6          0          0          0        791   gpio.o
       694        154          0         12       7680       6332   hcan.o
      1584         54          0          2       2164      12554   hcan_muti_frame.o
       740         32          0          1         92       5443   hcan_single_frame.o
        48          0          0          0          0       1025   lib_crc.o
       100          0          0          0          0       3249   lib_list.o
       408        100          0          1          0     661828   main.o
        36          8        392          0       1024        824   startup_stm32f405xx.o
       198         28          0         12          0       9766   stm32f4xx_hal.o
      1712          6          0          0          0      16062   stm32f4xx_hal_can.o
       258         14          0          0          0      35268   stm32f4xx_hal_cortex.o
       520         66          0          0         32       6478   stm32f4xx_hal_flash.o
       856         86          0          0          0       2454   stm32f4xx_hal_gpio.o
        48          6          0          0          0        810   stm32f4xx_hal_msp.o
      1344         72          0          0          0       5180   stm32f4xx_hal_rcc.o
      1158         72          0          0          0      10636   stm32f4xx_hal_tim.o
       148         28          0          0          0       2417   stm32f4xx_hal_tim_ex.o
       664         10          0          0          0       4120   stm32f4xx_hal_uart.o
        56         18          0          0          0       5352   stm32f4xx_it.o
        28          6         24          4          0       1175   system_stm32f4xx.o
       216         22          0          0         72       2643   tim.o
       276         48          0          0         68       2725   usart.o

    ----------------------------------------------------------------------
     12000        970        448         40      11172     810935   Object Totals
         0          0         32          0          0          0   (incl. Generated)
        22          0          0          4          0          0   (incl. Padding)

    ----------------------------------------------------------------------

      Code (inc. data)   RO Data    RW Data    ZI Data      Debug   Library Member Name

         0          0          0          0          0          0   entry.o
         0          0          0          0          0          0   entry10a.o
         0          0          0          0          0          0   entry11a.o
         8          4          0          0          0          0   entry2.o
         4          0          0          0          0          0   entry5.o
         0          0          0          0          0          0   entry7b.o
         0          0          0          0          0          0   entry8b.o
         8          4          0          0          0          0   entry9a.o
        30          0          0          0          0          0   handlers.o
        36          8          0          0          0         68   init.o
        30          0          0          0          0         68   llshl.o
        32          0          0          0          0         68   llushr.o
        36          0          0          0          0         68   memcpya.o
        36          0          0          0          0        108   memseta.o
       736         56          0          0          0        184   printf5.o
         0          0          0          4          0          0   stdout.o
        98          0          0          0          0         92   uldiv.o

    ----------------------------------------------------------------------
      1056         72          0          4          0        656   Library Totals
         2          0          0          0          0          0   (incl. Padding)

    ----------------------------------------------------------------------

      Code (inc. data)   RO Data    RW Data    ZI Data      Debug   Library Name

      1054         72          0          4          0        656   mc_w.l

    ----------------------------------------------------------------------
      1056         72          0          4          0        656   Library Totals

    ----------------------------------------------------------------------

==============================================================================


      Code (inc. data)   RO Data    RW Data    ZI Data      Debug   

     13056       1042        448         44      11172     798535   Grand Totals
     13056       1042        448         44      11172     798535   ELF Image Totals
     13056       1042        448         44          0          0   ROM Totals

==============================================================================

    Total RO  Size (Code + RO Data)                13504 (  13.19kB)
    Total RW  Size (RW Data + ZI Data)             11216 (  10.95kB)
    Total ROM Size (Code + RO Data + RW Data)      13548 (  13.23kB)

==============================================================================

