<html>
<body>
<pre>
<h1>礦ision Build Log</h1>
<h2>Tool Versions:</h2>
IDE-Version: μVision V5.25.2.0
Copyright (C) 2018 ARM Ltd and ARM Germany GmbH. All rights reserved.
License Information: sdds zhengfuqiang078@hellobike.com, hjh, LIC=65IHL-0WXAU-1PBZ5-G5RAB-AHNET-Y583D
 
Tool Versions:
Toolchain:       MDK-ARM Plus  Version: 5.25.2.0
Toolchain Path:  C:\Keil_v5\ARM\ARMCC\Bin
C Compiler:      Armcc.exe V5.06 update 6 (build 750)
Assembler:       Armasm.exe V5.06 update 6 (build 750)
Linker/Locator:  ArmLink.exe V5.06 update 6 (build 750)
Library Manager: ArmAr.exe V5.06 update 6 (build 750)
Hex Converter:   FromElf.exe V5.06 update 6 (build 750)
CPU DLL:         SARMCM3.DLL V5.25.2.0
Dialog DLL:      DCM.DLL V1.17.1.0
Target DLL:      Segger\JL2CM3.dll V2.99.29.0
Dialog DLL:      TCM.DLL V1.35.1.0
 
<h2>Project:</h2>
F:\work\04 code\CAN_211009\MDK-ARM\15_CAN_210929.uvprojx
Project File Date:  11/10/2021

<h2>Output:</h2>
*** Using Compiler 'V5.06 update 6 (build 750)', folder: 'C:\Keil_v5\ARM\ARMCC\Bin'
Build target '15_CAN_210929'
compiling main.c...
../Src/main.c(123): warning:  #191-D: type qualifier is meaningless on cast type
  		printf("取地址上第一个的数据:%x\r\n",(__IO uint32_t)(SCB->ICSR));
../Src/main.c(75): warning:  #177-D: variable "Data"  was declared but never referenced
  	uint8_t Data[]={0xAA,0x55,0xAA,0x54,0xAA,0x53,0xAA,0x52,0xAA,0x51,0xAA,0x50,0xAA,0x51,0xAA,0x52,0xAA,0x53,0xAA,0x54,0xAA,0x55,};
../Src/main.c: 2 warnings, 0 errors
compiling hcan.c...
..\Src\hcan.c(119): warning:  #177-D: variable "i"  was declared but never referenced
      int i;
..\Src\hcan.c(265): warning:  #550-D: variable "ramsource"  was set but never used
    	  uint32_t ramsource[64];
..\Src\hcan.c(266): warning:  #177-D: variable "Data"  was declared but never referenced
  	uint8_t Data[]={0xAA,0x55,0xAA,0x54,0xAA,0x53,0xAA,0x52,0xAA,0x51,0xAA,0x50,0xAA,0x51,0xAA,0x52,0xAA,0x53,0xAA,0x54,0xAA,0x55,};
..\Src\hcan.c: 3 warnings, 0 errors
linking...
Program Size: Code=13056 RO-data=448 RW-data=44 ZI-data=11172  
FromELF: creating hex file...
After Build - User command #2: C:\Keil_v5\\ARM\ARMCC\bin\fromelf.exe --bin --output=15_CAN_210929.bin 15_CAN_210929\15_CAN_210929.axf
"15_CAN_210929\15_CAN_210929.axf" - 0 Error(s), 5 Warning(s).

<h2>Software Packages used:</h2>

Package Vendor: ARM
                http://www.keil.com/pack/ARM.CMSIS.5.3.0.pack
                ARM.CMSIS.5.3.0
                CMSIS (Cortex Microcontroller Software Interface Standard)
   * Component: CORE Version: 5.1.1

Package Vendor: Keil
                http://www.keil.com/pack/Keil.STM32F4xx_DFP.2.15.0.pack
                Keil.STM32F4xx_DFP.2.15.0
                STMicroelectronics STM32F4 Series Device Support, Drivers and Examples

<h2>Collection of Component include folders:</h2>
  .\RTE\_15_CAN_210929
  C:\Keil_v5\ARM\PACK\ARM\CMSIS\5.3.0\CMSIS\Include
  C:\Keil_v5\ARM\PACK\Keil\STM32F4xx_DFP\2.15.0\Drivers\CMSIS\Device\ST\STM32F4xx\Include

<h2>Collection of Component Files used:</h2>

   * Component: ARM::CMSIS:CORE:5.1.1
Build Time Elapsed:  00:00:03
</pre>
</body>
</html>
